Component: ARM Compiler 6.14 Tool: armlink [5db06800]

==============================================================================

Section Cross References

    hardwaresystem_ini.o(.ARM.exidx.text.SystemInit) refers to hardwaresystem_ini.o(.text.SystemInit) for [Anonymous Symbol]
    hardwaresystem_ini.o(.ARM.exidx.text.stm32_Get_PreempPrioBits) refers to hardwaresystem_ini.o(.text.stm32_Get_PreempPrioBits) for [Anonymous Symbol]
    hardwaresystem_ini.o(.ARM.exidx.text.HAL_RCC_GetSysClockFreq) refers to hardwaresystem_ini.o(.text.HAL_RCC_GetSysClockFreq) for [Anonymous Symbol]
    hardwaresystem_ini.o(.text.stm32f4_Hardware_Init) refers to hardwaresystem_ini.o(.text.HAL_RCC_GetSysClockFreq) for HAL_RCC_GetSysClockFreq
    hardwaresystem_ini.o(.text.stm32f4_Hardware_Init) refers to hardwaresystem_ini.o(.text.my_getPCLKx_Freq) for my_getPCLKx_Freq
    hardwaresystem_ini.o(.text.stm32f4_Hardware_Init) refers to hardwaresystem_ini.o(.bss..L_MergedGlobals) for [Anonymous Symbol]
    hardwaresystem_ini.o(.ARM.exidx.text.stm32f4_Hardware_Init) refers to hardwaresystem_ini.o(.text.stm32f4_Hardware_Init) for [Anonymous Symbol]
    hardwaresystem_ini.o(.text.my_getPCLKx_Freq) refers to hardwaresystem_ini.o(.bss..L_MergedGlobals) for [Anonymous Symbol]
    hardwaresystem_ini.o(.ARM.exidx.text.my_getPCLKx_Freq) refers to hardwaresystem_ini.o(.text.my_getPCLKx_Freq) for [Anonymous Symbol]
    driver_spi.o(.ARM.exidx.text.Driver_GPIO) refers to driver_spi.o(.text.Driver_GPIO) for [Anonymous Symbol]
    driver_spi.o(.ARM.exidx.text.Driver_SPICS) refers to driver_spi.o(.text.Driver_SPICS) for [Anonymous Symbol]
    driver_spi.o(.ARM.exidx.text.Driver_SPISCK) refers to driver_spi.o(.text.Driver_SPISCK) for [Anonymous Symbol]
    driver_spi.o(.ARM.exidx.text.Driver_SPIMOSI) refers to driver_spi.o(.text.Driver_SPIMOSI) for [Anonymous Symbol]
    driver_spi.o(.ARM.exidx.text.Driver_SPIMISO) refers to driver_spi.o(.text.Driver_SPIMISO) for [Anonymous Symbol]
    driver_spi.o(.ARM.exidx.text.Delay_SPI) refers to driver_spi.o(.text.Delay_SPI) for [Anonymous Symbol]
    driver_spi.o(.text.Touch_SPIRead) refers to driver_spi.o(.text.Delay_SPI) for Delay_SPI
    driver_spi.o(.ARM.exidx.text.Touch_SPIRead) refers to driver_spi.o(.text.Touch_SPIRead) for [Anonymous Symbol]
    driver_spi.o(.text.Touch_SPIWrite) refers to driver_spi.o(.text.Delay_SPI) for Delay_SPI
    driver_spi.o(.ARM.exidx.text.Touch_SPIWrite) refers to driver_spi.o(.text.Touch_SPIWrite) for [Anonymous Symbol]
    game.o(.text) refers (Special) to _printf_d.o(.ARM.Collect$$_printf_percent$$00000009) for _printf_d
    game.o(.text) refers (Special) to _printf_dec.o(.text) for _printf_int_dec
    game.o(.text) refers (Special) to _printf_percent.o(.ARM.Collect$$_printf_percent$$00000000) for _printf_percent
    game.o(.text.draw_hit) refers (Special) to _printf_d.o(.ARM.Collect$$_printf_percent$$00000009) for _printf_d
    game.o(.text.draw_hit) refers (Special) to _printf_dec.o(.text) for _printf_int_dec
    game.o(.text.draw_hit) refers (Special) to _printf_percent.o(.ARM.Collect$$_printf_percent$$00000000) for _printf_percent
    game.o(.text.draw_hit) refers to stm324xg_lcd_ili9341.o(.text.LCD_SetTextColor) for LCD_SetTextColor
    game.o(.text.draw_hit) refers to stm324xg_lcd_ili9341.o(.text.LCD_DrawLine) for LCD_DrawLine
    game.o(.ARM.exidx.text.draw_hit) refers (Special) to _printf_d.o(.ARM.Collect$$_printf_percent$$00000009) for _printf_d
    game.o(.ARM.exidx.text.draw_hit) refers (Special) to _printf_dec.o(.text) for _printf_int_dec
    game.o(.ARM.exidx.text.draw_hit) refers (Special) to _printf_percent.o(.ARM.Collect$$_printf_percent$$00000000) for _printf_percent
    game.o(.ARM.exidx.text.draw_hit) refers to game.o(.text.draw_hit) for [Anonymous Symbol]
    game.o(.text.draw_bite) refers (Special) to _printf_d.o(.ARM.Collect$$_printf_percent$$00000009) for _printf_d
    game.o(.text.draw_bite) refers (Special) to _printf_dec.o(.text) for _printf_int_dec
    game.o(.text.draw_bite) refers (Special) to _printf_percent.o(.ARM.Collect$$_printf_percent$$00000000) for _printf_percent
    game.o(.text.draw_bite) refers to stm324xg_lcd_ili9341.o(.text.LCD_SetTextColor) for LCD_SetTextColor
    game.o(.text.draw_bite) refers to stm324xg_lcd_ili9341.o(.text.LCD_DrawLine) for LCD_DrawLine
    game.o(.text.draw_bite) refers to game.o(.rodata.draw_bite.vx_up) for [Anonymous Symbol]
    game.o(.text.draw_bite) refers to game.o(.rodata.draw_bite.vy_up) for [Anonymous Symbol]
    game.o(.text.draw_bite) refers to game.o(.rodata.draw_bite.vx_down) for [Anonymous Symbol]
    game.o(.text.draw_bite) refers to game.o(.rodata.draw_bite.vy_down) for [Anonymous Symbol]
    game.o(.ARM.exidx.text.draw_bite) refers (Special) to _printf_d.o(.ARM.Collect$$_printf_percent$$00000009) for _printf_d
    game.o(.ARM.exidx.text.draw_bite) refers (Special) to _printf_dec.o(.text) for _printf_int_dec
[...]
    [Anonymous Symbol]                       0x080017b4   Section        0  game.o(.text.draw_slash)
    [Anonymous Symbol]                       0x080017ec   Section        0  game.o(.text.draw_splatter)
    [Anonymous Symbol]                       0x080018cc   Section        0  game.o(.text.game_init)
    __arm_cp.11_0                            0x080019d0   Number         4  game.o(.text.game_init)
    __arm_cp.11_1                            0x080019d4   Number         4  game.o(.text.game_init)
    __arm_cp.11_2                            0x080019d8   Number         4  game.o(.text.game_init)
    __arm_cp.11_3                            0x080019dc   Number         4  game.o(.text.game_init)
    __arm_cp.11_5                            0x080019e4   Number         4  game.o(.text.game_init)
    __arm_cp.11_8                            0x080019ec   Number         4  game.o(.text.game_init)
    [Anonymous Symbol]                       0x080019f0   Section        0  game.o(.text.game_over)
    __arm_cp.26_0                            0x08001a50   Number         4  game.o(.text.game_over)
    __arm_cp.26_1                            0x08001a54   Number         4  game.o(.text.game_over)
    [Anonymous Symbol]                       0x08001a58   Section        0  game.o(.text.hidden_draw)
    __arm_cp.24_6                            0x08001a94   Number         4  game.o(.text.hidden_draw)
    [Anonymous Symbol]                       0x0800244c   Section        0  game.o(.text.hidden_flow)
    __arm_cp.25_12                           0x08002988   Number         4  game.o(.text.hidden_flow)
    __arm_cp.25_0                            0x08002a2c   Number         4  game.o(.text.hidden_flow)
    __arm_cp.25_1                            0x08002a30   Number         4  game.o(.text.hidden_flow)
    __arm_cp.25_2                            0x08002a34   Number         4  game.o(.text.hidden_flow)
    __arm_cp.25_4                            0x08002a38   Number         4  game.o(.text.hidden_flow)
    __arm_cp.25_5                            0x08002a3c   Number         4  game.o(.text.hidden_flow)
    __arm_cp.25_6                            0x08002a40   Number         4  game.o(.text.hidden_flow)
    __arm_cp.25_8                            0x08002a60   Number         4  game.o(.text.hidden_flow)
    __arm_cp.25_9                            0x08002a64   Number         4  game.o(.text.hidden_flow)
    __arm_cp.25_10                           0x08002a68   Number         4  game.o(.text.hidden_flow)
    [Anonymous Symbol]                       0x08002a6c   Section        0  game.o(.text.judge_next_level)
    [Anonymous Symbol]                       0x08002ae8   Section        0  game.o(.text.level_1_draw)
    __arm_cp.12_0                            0x08002d04   Number         4  game.o(.text.level_1_draw)
    __arm_cp.12_1                            0x08002d08   Number         4  game.o(.text.level_1_draw)
    __arm_cp.12_2                            0x08002d0c   Number         4  game.o(.text.level_1_draw)
    __arm_cp.12_3                            0x08002d10   Number         4  game.o(.text.level_1_draw)
    __arm_cp.12_4                            0x08002d14   Number         4  game.o(.text.level_1_draw)
    [Anonymous Symbol]                       0x08002d18   Section        0  game.o(.text.level_1_flow)
    __arm_cp.13_4                            0x080035a0   Number         4  game.o(.text.level_1_flow)
    __arm_cp.13_5                            0x080035a4   Number         4  game.o(.text.level_1_flow)
    __arm_cp.13_6                            0x080035a8   Number         4  game.o(.text.level_1_flow)
    __arm_cp.13_7                            0x080035ac   Number         4  game.o(.text.level_1_flow)
    __arm_cp.13_8                            0x080035b0   Number         4  game.o(.text.level_1_flow)
    __arm_cp.13_9                            0x080035b4   Number         4  game.o(.text.level_1_flow)
    __arm_cp.13_10                           0x080035b8   Number         4  game.o(.text.level_1_flow)
    [Anonymous Symbol]                       0x080035bc   Section        0  game.o(.text.level_2_draw)
    __arm_cp.14_0                            0x0800382c   Number         4  game.o(.text.level_2_draw)
    __arm_cp.14_1                            0x08003830   Number         4  game.o(.text.level_2_draw)
    __arm_cp.14_2                            0x08003834   Number         4  game.o(.text.level_2_draw)
    __arm_cp.14_3                            0x08003838   Number         4  game.o(.text.level_2_draw)
    __arm_cp.14_4                            0x0800383c   Number         4  game.o(.text.level_2_draw)
    [Anonymous Symbol]                       0x08003840   Section        0  game.o(.text.level_2_flow)
    __arm_cp.15_3                            0x08004350   Number         4  game.o(.text.level_2_flow)
    __arm_cp.15_4                            0x08004354   Number         4  game.o(.text.level_2_flow)
    __arm_cp.15_5                            0x08004358   Number         4  game.o(.text.level_2_flow)
    __arm_cp.15_6                            0x0800435c   Number         4  game.o(.text.level_2_flow)
    __arm_cp.15_7                            0x08004360   Number         4  game.o(.text.level_2_flow)
    __arm_cp.15_8                            0x08004364   Number         4  game.o(.text.level_2_flow)
    __arm_cp.15_9                            0x08004368   Number         4  game.o(.text.level_2_flow)
    __arm_cp.15_11                           0x0800436c   Number         4  game.o(.text.level_2_flow)
    [Anonymous Symbol]                       0x08004370   Section        0  game.o(.text.level_3_draw)
    __arm_cp.16_0                            0x080046c4   Number         4  game.o(.text.level_3_draw)
    __arm_cp.16_1                            0x080046c8   Number         4  game.o(.text.level_3_draw)
    __arm_cp.16_2                            0x080046cc   Number         4  game.o(.text.level_3_draw)
    __arm_cp.16_3                            0x080046d0   Number         4  game.o(.text.level_3_draw)
    __arm_cp.16_4                            0x080046d4   Number         4  game.o(.text.level_3_draw)
    __arm_cp.16_5                            0x080046d8   Number         4  game.o(.text.level_3_draw)
    [Anonymous Symbol]                       0x080046dc   Section        0  game.o(.text.level_3_flow)
    __arm_cp.17_3                            0x08005000   Number         4  game.o(.text.level_3_flow)
    __arm_cp.17_5                            0x08005004   Number         4  game.o(.text.level_3_flow)
    __arm_cp.17_6                            0x08005008   Number         4  game.o(.text.level_3_flow)
    __arm_cp.17_7                            0x0800500c   Number         4  game.o(.text.level_3_flow)
    __arm_cp.17_8                            0x08005010   Number         4  game.o(.text.level_3_flow)
    __arm_cp.17_9                            0x08005014   Number         4  game.o(.text.level_3_flow)
    __arm_cp.17_10                           0x08005018   Number         4  game.o(.text.level_3_flow)
    [Anonymous Symbol]                       0x0800501c   Section        0  game.o(.text.level_4_draw)
    __arm_cp.18_5                            0x0800539c   Number         4  game.o(.text.level_4_draw)
    __arm_cp.18_1                            0x08005458   Number         4  game.o(.text.level_4_draw)
    __arm_cp.18_2                            0x0800545c   Number         4  game.o(.text.level_4_draw)
    __arm_cp.18_3                            0x08005460   Number         4  game.o(.text.level_4_draw)
    __arm_cp.18_4                            0x08005464   Number         4  game.o(.text.level_4_draw)
    [Anonymous Symbol]                       0x08005468   Section        0  game.o(.text.level_4_flow)
    __arm_cp.19_31                           0x08005fc8   Number         4  game.o(.text.level_4_flow)
    __arm_cp.19_14                           0x080063a4   Number         4  game.o(.text.level_4_flow)
    __arm_cp.19_17                           0x080063ac   Number         4  game.o(.text.level_4_flow)
    __arm_cp.19_18                           0x080063b0   Number         4  game.o(.text.level_4_flow)
    __arm_cp.19_19                           0x080063b4   Number         4  game.o(.text.level_4_flow)
    __arm_cp.19_20                           0x080063b8   Number         4  game.o(.text.level_4_flow)
    __arm_cp.19_21                           0x080063bc   Number         4  game.o(.text.level_4_flow)
    __arm_cp.19_4                            0x08006c40   Number         4  game.o(.text.level_4_flow)
    __arm_cp.19_10                           0x08006c44   Number         4  game.o(.text.level_4_flow)
    [Anonymous Symbol]                       0x08006c48   Section        0  game.o(.text.level_5_draw)
    __arm_cp.20_5                            0x08007020   Number         4  game.o(.text.level_5_draw)
    __arm_cp.20_0                            0x08007318   Number         4  game.o(.text.level_5_draw)
    __arm_cp.20_2                            0x0800731c   Number         4  game.o(.text.level_5_draw)
    __arm_cp.20_3                            0x08007320   Number         4  game.o(.text.level_5_draw)
    __arm_cp.20_4                            0x08007324   Number         4  game.o(.text.level_5_draw)
    [Anonymous Symbol]                       0x08007328   Section        0  game.o(.text.level_5_flow)
    __arm_cp.21_15                           0x08007fd8   Number         4  game.o(.text.level_5_flow)
    __arm_cp.21_16                           0x08007fdc   Number         4  game.o(.text.level_5_flow)
    __arm_cp.21_19                           0x08007fe4   Number         4  game.o(.text.level_5_flow)
    __arm_cp.21_20                           0x08007fe8   Number         4  game.o(.text.level_5_flow)
    __arm_cp.21_21                           0x08007fec   Number         4  game.o(.text.level_5_flow)
    __arm_cp.21_22                           0x08007ff0   Number         4  game.o(.text.level_5_flow)
    __arm_cp.21_23                           0x08007ff4   Number         4  game.o(.text.level_5_flow)
    __arm_cp.21_24                           0x08007ff8   Number         4  game.o(.text.level_5_flow)
    __arm_cp.21_0                            0x08008dc8   Number         4  game.o(.text.level_5_flow)
    __arm_cp.21_3                            0x08008dcc   Number         4  game.o(.text.level_5_flow)
    __arm_cp.21_4                            0x08008dd0   Number         4  game.o(.text.level_5_flow)
    __arm_cp.21_11                           0x08008dd4   Number         4  game.o(.text.level_5_flow)
    __arm_cp.21_12                           0x08008dd8   Number         4  game.o(.text.level_5_flow)
    [Anonymous Symbol]                       0x08008ddc   Section        0  game.o(.text.level_6_draw)
    __arm_cp.22_0                            0x08009478   Number         4  game.o(.text.level_6_draw)
    __arm_cp.22_1                            0x0800947c   Number         4  game.o(.text.level_6_draw)
    __arm_cp.22_2                            0x08009480   Number         4  game.o(.text.level_6_draw)
    __arm_cp.22_3                            0x08009484   Number         4  game.o(.text.level_6_draw)
    __arm_cp.22_4                            0x08009488   Number         4  game.o(.text.level_6_draw)
    __arm_cp.22_5                            0x0800948c   Number         4  game.o(.text.level_6_draw)
    [Anonymous Symbol]                       0x08009490   Section        0  game.o(.text.level_6_flow)
    __arm_cp.23_11                           0x0800a27c   Number         4  game.o(.text.level_6_flow)
    __arm_cp.23_12                           0x0800a280   Number         4  game.o(.text.level_6_flow)
    __arm_cp.23_13                           0x0800a284   Number         4  game.o(.text.level_6_flow)
    __arm_cp.23_16                           0x0800a28c   Number         4  game.o(.text.level_6_flow)
    __arm_cp.23_17                           0x0800a290   Number         4  game.o(.text.level_6_flow)
    __arm_cp.23_19                           0x0800a2b4   Number         4  game.o(.text.level_6_flow)
    __arm_cp.23_20                           0x0800a2b8   Number         4  game.o(.text.level_6_flow)
    __arm_cp.23_3                            0x0800aa3c   Number         4  game.o(.text.level_6_flow)
    __arm_cp.23_4                            0x0800aa40   Number         4  game.o(.text.level_6_flow)
    __arm_cp.23_10                           0x0800aa44   Number         4  game.o(.text.level_6_flow)
    [Anonymous Symbol]                       0x0800aa48   Section        0  game.o(.text.level_selector)
    __arm_cp.29_0                            0x0800ab08   Number         4  game.o(.text.level_selector)
    __arm_cp.29_1                            0x0800ab0c   Number         4  game.o(.text.level_selector)
    [Anonymous Symbol]                       0x0800ab10   Section        0  game.o(.text.level_selector_screen)
    __arm_cp.28_0                            0x0800ac70   Number         4  game.o(.text.level_selector_screen)
    __arm_cp.28_1                            0x0800ac74   Number         4  game.o(.text.level_selector_screen)
    __arm_cp.28_2                            0x0800ac78   Number         4  game.o(.text.level_selector_screen)
    __arm_cp.28_3                            0x0800ac7c   Number         4  game.o(.text.level_selector_screen)
    __arm_cp.28_4                            0x0800ac80   Number         4  game.o(.text.level_selector_screen)
    __arm_cp.28_5                            0x0800ac84   Number         4  game.o(.text.level_selector_screen)
    __arm_cp.28_6                            0x0800ac88   Number         4  game.o(.text.level_selector_screen)
    [Anonymous Symbol]                       0x0800acb4   Section        0  main.o(.text.main)
    __arm_cp.0_0                             0x0800aeac   Number         4  main.o(.text.main)
    __arm_cp.0_1                             0x0800aeb0   Number         4  main.o(.text.main)
    __arm_cp.0_2                             0x0800aeb4   Number         4  main.o(.text.main)
    __arm_cp.0_3                             0x0800aeb8   Number         4  main.o(.text.main)
    my_getPCLKx_Freq                         0x0800aee9   Thumb Code    24  hardwaresystem_ini.o(.text.my_getPCLKx_Freq)
    [Anonymous Symbol]                       0x0800aee8   Section        0  hardwaresystem_ini.o(.text.my_getPCLKx_Freq)
    __arm_cp.4_0                             0x0800aefc   Number         4  hardwaresystem_ini.o(.text.my_getPCLKx_Freq)
    [Anonymous Symbol]                       0x0800af00   Section        0  game.o(.text.overview)
    __arm_cp.9_0                             0x0800b618   Number         4  game.o(.text.overview)
    __arm_cp.9_1                             0x0800b61c   Number         4  game.o(.text.overview)
    __arm_cp.9_2                             0x0800b620   Number         4  game.o(.text.overview)
    __arm_cp.9_3                             0x0800b624   Number         4  game.o(.text.overview)
    __arm_cp.9_4                             0x0800b628   Number         4  game.o(.text.overview)
    __arm_cp.9_5                             0x0800b62c   Number         4  game.o(.text.overview)
    __arm_cp.9_6                             0x0800b630   Number         4  game.o(.text.overview)
    __arm_cp.9_7                             0x0800b634   Number         4  game.o(.text.overview)
    __arm_cp.9_8                             0x0800b638   Number         4  game.o(.text.overview)
    __arm_cp.9_9                             0x0800b63c   Number         4  game.o(.text.overview)
    __arm_cp.9_10                            0x0800b640   Number         4  game.o(.text.overview)
    __arm_cp.9_11                            0x0800b644   Number         4  game.o(.text.overview)
    __arm_cp.9_12                            0x0800b648   Number         4  game.o(.text.overview)
    __arm_cp.9_13                            0x0800b64c   Number         4  game.o(.text.overview)
    __arm_cp.9_14                            0x0800b650   Number         4  game.o(.text.overview)
    __arm_cp.9_15                            0x0800b654   Number         4  game.o(.text.overview)
    __arm_cp.9_16                            0x0800b658   Number         4  game.o(.text.overview)
    __arm_cp.9_17                            0x0800b65c   Number         4  game.o(.text.overview)
    __arm_cp.9_21                            0x0800b6d8   Number         4  game.o(.text.overview)
    __arm_cp.9_22                            0x0800b6dc   Number         4  game.o(.text.overview)
    __arm_cp.9_23                            0x0800b6e0   Number         4  game.o(.text.overview)
    __arm_cp.9_24                            0x0800b6e4   Number         4  game.o(.text.overview)
    __arm_cp.9_25                            0x0800b6e8   Number         4  game.o(.text.overview)
    __arm_cp.9_26                            0x0800b6ec   Number         4  game.o(.text.overview)
    __arm_cp.9_27                            0x0800b6f0   Number         4  game.o(.text.overview)
    __arm_cp.9_28                            0x0800b6f4   Number         4  game.o(.text.overview)
    __arm_cp.9_29                            0x0800b6f8   Number         4  game.o(.text.overview)
    __arm_cp.9_30                            0x0800b6fc   Number         4  game.o(.text.overview)
    __arm_cp.9_31                            0x0800b700   Number         4  game.o(.text.overview)
    __arm_cp.9_32                            0x0800b704   Number         4  game.o(.text.overview)
    __arm_cp.9_33                            0x0800b708   Number         4  game.o(.text.overview)
    __arm_cp.9_34                            0x0800b70c   Number         4  game.o(.text.overview)
    __arm_cp.9_35                            0x0800b710   Number         4  game.o(.text.overview)
    __arm_cp.9_36                            0x0800b714   Number         4  game.o(.text.overview)
    __arm_cp.9_37                            0x0800b718   Number         4  game.o(.text.overview)
    __arm_cp.9_38                            0x0800b71c   Number         4  game.o(.text.overview)
    __arm_cp.9_39                            0x0800b720   Number         4  game.o(.text.overview)
    __arm_cp.9_40                            0x0800b724   Number         4  game.o(.text.overview)
    __arm_cp.9_41                            0x0800b728   Number         4  game.o(.text.overview)
    __arm_cp.9_42                            0x0800b72c   Number         4  game.o(.text.overview)
    __arm_cp.9_43                            0x0800b730   Number         4  game.o(.text.overview)
    __arm_cp.9_44                            0x0800b734   Number         4  game.o(.text.overview)
    __arm_cp.9_45                            0x0800b738   Number         4  game.o(.text.overview)
    __arm_cp.9_46                            0x0800b73c   Number         4  game.o(.text.overview)
    __arm_cp.9_47                            0x0800b740   Number         4  game.o(.text.overview)
    [Anonymous Symbol]                       0x0800b744   Section        0  game.o(.text.start_screen)
    __arm_cp.7_0                             0x0800b794   Number         4  game.o(.text.start_screen)
    __arm_cp.7_1                             0x0800b798   Number         4  game.o(.text.start_screen)
    __arm_cp.7_2                             0x0800b79c   Number         4  game.o(.text.start_screen)
    __arm_cp.7_4                             0x0800b7ac   Number         4  game.o(.text.start_screen)
    [Anonymous Symbol]                       0x0800b7c8   Section        0  hardwaresystem_ini.o(.text.stm32f4_Hardware_Init)
    __arm_cp.3_0                             0x0800b85c   Number         4  hardwaresystem_ini.o(.text.stm32f4_Hardware_Init)
    __arm_cp.3_1                             0x0800b860   Number         4  hardwaresystem_ini.o(.text.stm32f4_Hardware_Init)
    __arm_cp.3_2                             0x0800b864   Number         4  hardwaresystem_ini.o(.text.stm32f4_Hardware_Init)
    __arm_cp.3_3                             0x0800b868   Number         4  hardwaresystem_ini.o(.text.stm32f4_Hardware_Init)
    __arm_cp.3_4                             0x0800b86c   Number         4  hardwaresystem_ini.o(.text.stm32f4_Hardware_Init)
    __arm_cp.3_6                             0x0800b890   Number         4  hardwaresystem_ini.o(.text.stm32f4_Hardware_Init)
    __arm_cp.3_7                             0x0800b894   Number         4  hardwaresystem_ini.o(.text.stm32f4_Hardware_Init)
    i._is_digit                              0x0800b898   Section        0  __printf_wp.o(i._is_digit)
    $v0                                      0x0800b8a6   Number         0  fpinit.o(x$fpl$fpinit)
    x$fpl$fpinit                             0x0800b8a6   Section       26  fpinit.o(x$fpl$fpinit)
    uc_hextab                                0x0800b8c0   Data          20  _printf_hex_int.o(.constdata)
    .constdata                               0x0800b8c0   Section       40  _printf_hex_int.o(.constdata)
    lc_hextab                                0x0800b8d4   Data          20  _printf_hex_int.o(.constdata)
    maptable                                 0x0800b8e8   Data          17  __printf_flags_wp.o(.constdata)
    .constdata                               0x0800b8e8   Section       17  __printf_flags_wp.o(.constdata)
    draw_bite.vx_down                        0x0800f2dd   Data           5  game.o(.rodata.draw_bite.vx_down)
    [Anonymous Symbol]                       0x0800f2dd   Section        0  game.o(.rodata.draw_bite.vx_down)
    draw_bite.vx_up                          0x0800f2e2   Data           7  game.o(.rodata.draw_bite.vx_up)
    [Anonymous Symbol]                       0x0800f2e2   Section        0  game.o(.rodata.draw_bite.vx_up)
    draw_bite.vy_down                        0x0800f2e9   Data           5  game.o(.rodata.draw_bite.vy_down)
    [Anonymous Symbol]                       0x0800f2e9   Section        0  game.o(.rodata.draw_bite.vy_down)
    draw_bite.vy_up                          0x0800f2ee   Data           7  game.o(.rodata.draw_bite.vy_up)
    [Anonymous Symbol]                       0x0800f2ee   Section        0  game.o(.rodata.draw_bite.vy_up)
    .L.str.46                                0x0800f2f5   Data          20  game.o(.rodata.str1.1)
    [Anonymous Symbol]                       0x0800f2f5   Section        0  game.o(.rodata.str1.1)
    .L.str.47                                0x0800f309   Data           4  game.o(.rodata.str1.1)
    .L.str.44                                0x0800f30d   Data          29  game.o(.rodata.str1.1)
    .L.str.26                                0x0800f32a   Data          40  game.o(.rodata.str1.1)
    .L.str.33                                0x0800f352   Data          35  game.o(.rodata.str1.1)
    .L.str.16                                0x0800f375   Data          43  game.o(.rodata.str1.1)
    .L.str.15                                0x0800f3a0   Data          38  game.o(.rodata.str1.1)
    .L.str.24                                0x0800f3c6   Data          43  game.o(.rodata.str1.1)
    .L.str.35                                0x0800f3f1   Data          42  game.o(.rodata.str1.1)
    .L.str.25                                0x0800f41b   Data          40  game.o(.rodata.str1.1)
    .L.str.28                                0x0800f443   Data          22  game.o(.rodata.str1.1)
    .L.str.20                                0x0800f459   Data          22  game.o(.rodata.str1.1)
    .L.str.38                                0x0800f46f   Data          30  game.o(.rodata.str1.1)
    .L.str.23                                0x0800f48d   Data          30  game.o(.rodata.str1.1)
    .L.str.32                                0x0800f4ab   Data          26  game.o(.rodata.str1.1)
    .L.str.21                                0x0800f4c5   Data          30  game.o(.rodata.str1.1)
    .L.str.13                                0x0800f4e3   Data          41  game.o(.rodata.str1.1)
    .L.str.31                                0x0800f50c   Data          42  game.o(.rodata.str1.1)
    .L.str.27                                0x0800f536   Data          33  game.o(.rodata.str1.1)
    .L.str.37                                0x0800f557   Data          43  game.o(.rodata.str1.1)
    .L.str.30                                0x0800f582   Data          46  game.o(.rodata.str1.1)
    .L.str.10                                0x0800f5b0   Data          40  game.o(.rodata.str1.1)
    .L.str.9                                 0x0800f5d8   Data          38  game.o(.rodata.str1.1)
    .L.str.19                                0x0800f5fe   Data          46  game.o(.rodata.str1.1)
    .L.str.29                                0x0800f62c   Data          32  game.o(.rodata.str1.1)
    .L.str.18                                0x0800f64c   Data          39  game.o(.rodata.str1.1)
    .L.str.22                                0x0800f673   Data          41  game.o(.rodata.str1.1)
    .L.str.6                                 0x0800f69c   Data          42  game.o(.rodata.str1.1)
    .L.str.12                                0x0800f6c6   Data          40  game.o(.rodata.str1.1)
    .L.str.34                                0x0800f6ee   Data          33  game.o(.rodata.str1.1)
    .L.str.8                                 0x0800f70f   Data          37  game.o(.rodata.str1.1)
    .L.str.11                                0x0800f734   Data          25  game.o(.rodata.str1.1)
    .L.str.4                                 0x0800f74d   Data           3  game.o(.rodata.str1.1)
    .L.str.3                                 0x0800f750   Data           3  game.o(.rodata.str1.1)
    .L.str.49                                0x0800f753   Data          27  game.o(.rodata.str1.1)
    .L.str.5                                 0x0800f76e   Data          14  game.o(.rodata.str1.1)
    .L.str.36                                0x0800f77c   Data          42  game.o(.rodata.str1.1)
    .L.str.45                                0x0800f7a6   Data          20  game.o(.rodata.str1.1)
    .L.str.7                                 0x0800f7ba   Data          13  game.o(.rodata.str1.1)
    .L.str.14                                0x0800f7c7   Data          11  game.o(.rodata.str1.1)
    .L.str.17                                0x0800f7d2   Data           9  game.o(.rodata.str1.1)
    DrawProp.0                               0x20000000   Data           2  stm324xg_lcd_ili9341.o(.data..L_MergedGlobals)
    [Anonymous Symbol]                       0x20000000   Section        0  stm324xg_lcd_ili9341.o(.data..L_MergedGlobals)
    DrawProp.2                               0x20000004   Data           4  stm324xg_lcd_ili9341.o(.data..L_MergedGlobals)
    .bss                                     0x20000030   Section       96  libspace.o(.bss)
    [Anonymous Symbol]                       0x20000090   Section        0  hardwaresystem_ini.o(.bss..L_MergedGlobals)
    [Anonymous Symbol]                       0x200000a0   Section        0  game.o(.bss..L_MergedGlobals)
    btnUp.0                                  0x200000a6   Data           1  game.o(.bss..L_MergedGlobals)
    btnUp.1                                  0x200000a8   Data           1  game.o(.bss..L_MergedGlobals)
    btnDown.0                                0x200000aa   Data           1  game.o(.bss..L_MergedGlobals)
    btnDown.1                                0x200000ac   Data           1  game.o(.bss..L_MergedGlobals)
    btnLeft.0                                0x200000ae   Data           1  game.o(.bss..L_MergedGlobals)
    btnLeft.1                                0x200000b0   Data           1  game.o(.bss..L_MergedGlobals)
    btnRight.0                               0x200000b2   Data           1  game.o(.bss..L_MergedGlobals)
    btnRight.1                               0x200000b4   Data           1  game.o(.bss..L_MergedGlobals)
    [Anonymous Symbol]                       0x2000011c   Section        0  main.o(.bss..L_MergedGlobals)
    [Anonymous Symbol]                       0x2000012c   Section        0  touch_module.o(.bss..L_MergedGlobals)
    [Anonymous Symbol]                       0x20000144   Section        0  game.o(.bss..L_MergedGlobals.58)
    [Anonymous Symbol]                       0x200001bc   Section        0  game.o(.bss..L_MergedGlobals.59)
    [Anonymous Symbol]                       0x2000020c   Section        0  stm324xg_lcd_ili9341.o(.bss..L_MergedGlobals.7)
    wf                                       0x20000210   Data           2  stm324xg_lcd_ili9341.o(.bss..L_MergedGlobals.7)
    hf                                       0x20000212   Data           2  stm324xg_lcd_ili9341.o(.bss..L_MergedGlobals.7)
    bytes_f                                  0x20000214   Data           2  stm324xg_lcd_ili9341.o(.bss..L_MergedGlobals.7)
    DrawProp.1                               0x2000021c   Data           2  stm324xg_lcd_ili9341.o(.bss..L_MergedGlobals.7)
    RNG_Get_RandomRange.last_value           0x2000022c   Data           4  rng.o(.bss.RNG_Get_RandomRange.last_value)
    [Anonymous Symbol]                       0x2000022c   Section        0  rng.o(.bss.RNG_Get_RandomRange.last_value)
    Heap_Mem                                 0x200003f8   Data         512  startup_stm32f407xx.o(HEAP)
    HEAP                                     0x200003f8   Section      512  startup_stm32f407xx.o(HEAP)
    Stack_Mem                                0x200005f8   Data        1024  startup_stm32f407xx.o(STACK)
    STACK                                    0x200005f8   Section     1024  startup_stm32f407xx.o(STACK)
    __initial_sp                             0x200009f8   Data           0  startup_stm32f407xx.o(STACK)

    Global Symbols

    Symbol Name                              Value     Ov Type        Size  Object(Section)

    BuildAttributes$$THM_ISAv4$E$P$D$K$B$S$7EM$VFPi3$EXTD16$VFPS$VFMA$PE$A:L22UL41UL21$X:L11$S22US41US21$IEEE1$IW$~IW$USESV6$~STKCKD$USESV7$~SHL$OSPACE$ROPI$EBA8$UX$STANDARDLIB$REQ8$PRES8$EABIv2 0x00000000   Number         0  anon$$obj.o ABSOLUTE
    _printf_flags                            0x00000000   Number         0  printf_stubs.o ABSOLUTE
    _printf_return_value                     0x00000000   Number         0  printf_stubs.o ABSOLUTE
    _printf_sizespec                         0x00000000   Number         0  printf_stubs.o ABSOLUTE
    _printf_widthprec                        0x00000000   Number         0  printf_stubs.o ABSOLUTE
    __ARM_exceptions_init                     - Undefined Weak Reference
    __alloca_initialize                       - Undefined Weak Reference
    __arm_preinit_                            - Undefined Weak Reference
    __cpp_initialize__aeabi_                  - Undefined Weak Reference
    __cxa_finalize                            - Undefined Weak Reference
    __rt_locale                               - Undefined Weak Reference
    __sigvec_lookup                           - Undefined Weak Reference
    _atexit_init                              - Undefined Weak Reference
    _call_atexit_fns                          - Undefined Weak Reference
    _clock_init                               - Undefined Weak Reference
    _fp_trap_init                             - Undefined Weak Reference
    _fp_trap_shutdown                         - Undefined Weak Reference
    _get_lc_collate                           - Undefined Weak Reference
    _get_lc_ctype                             - Undefined Weak Reference
    _get_lc_monetary                          - Undefined Weak Reference
    _get_lc_numeric                           - Undefined Weak Reference
    _get_lc_time                              - Undefined Weak Reference
    _getenv_init                              - Undefined Weak Reference
    _handle_redirection                       - Undefined Weak Reference
    _init_alloc                               - Undefined Weak Reference
    _init_user_alloc                          - Undefined Weak Reference
    _initio                                   - Undefined Weak Reference
    _printf_truncate_signed                   - Undefined Weak Reference
    _printf_truncate_unsigned                 - Undefined Weak Reference
    _rand_init                                - Undefined Weak Reference
    _signal_finish                            - Undefined Weak Reference
    _signal_init                              - Undefined Weak Reference
    _terminate_alloc                          - Undefined Weak Reference
    _terminate_user_alloc                     - Undefined Weak Reference
    _terminateio                              - Undefined Weak Reference
    __Vectors_Size                           0x00000188   Number         0  startup_stm32f407xx.o ABSOLUTE
    __Vectors                                0x08000000   Data           4  startup_stm32f407xx.o(RESET)
    __Vectors_End                            0x08000188   Data           0  startup_stm32f407xx.o(RESET)
    __main                                   0x08000189   Thumb Code     8  __main.o(!!!main)
    __scatterload                            0x08000191   Thumb Code     0  __scatter.o(!!!scatter)
    __scatterload_rt2                        0x08000191   Thumb Code    44  __scatter.o(!!!scatter)
    __scatterload_rt2_thumb_only             0x08000191   Thumb Code     0  __scatter.o(!!!scatter)
    __scatterload_null                       0x0800019f   Thumb Code     0  __scatter.o(!!!scatter)
    __scatterload_copy                       0x080001c5   Thumb Code    26  __scatter_copy.o(!!handler_copy)
    __scatterload_zeroinit                   0x080001e1   Thumb Code    28  __scatter_zi.o(!!handler_zi)
    _printf_d                                0x080001fd   Thumb Code     0  _printf_d.o(.ARM.Collect$$_printf_percent$$00000009)
    _printf_percent                          0x080001fd   Thumb Code     0  _printf_percent.o(.ARM.Collect$$_printf_percent$$00000000)
    _printf_x                                0x08000203   Thumb Code     0  _printf_x.o(.ARM.Collect$$_printf_percent$$0000000C)
    _printf_percent_end                      0x08000209   Thumb Code     0  _printf_percent_end.o(.ARM.Collect$$_printf_percent$$00000017)
    __rt_lib_init                            0x0800020d   Thumb Code     0  libinit.o(.ARM.Collect$$libinit$$00000000)
    __rt_lib_init_fp_1                       0x0800020f   Thumb Code     0  libinit2.o(.ARM.Collect$$libinit$$00000001)
    __rt_lib_init_alloca_1                   0x08000213   Thumb Code     0  libinit2.o(.ARM.Collect$$libinit$$0000002E)
    __rt_lib_init_argv_1                     0x08000213   Thumb Code     0  libinit2.o(.ARM.Collect$$libinit$$0000002C)
    __rt_lib_init_atexit_1                   0x08000213   Thumb Code     0  libinit2.o(.ARM.Collect$$libinit$$0000001B)
    __rt_lib_init_clock_1                    0x08000213   Thumb Code     0  libinit2.o(.ARM.Collect$$libinit$$00000021)
    __rt_lib_init_cpp_1                      0x08000213   Thumb Code     0  libinit2.o(.ARM.Collect$$libinit$$00000032)
    __rt_lib_init_exceptions_1               0x08000213   Thumb Code     0  libinit2.o(.ARM.Collect$$libinit$$00000030)
    __rt_lib_init_fp_trap_1                  0x08000213   Thumb Code     0  libinit2.o(.ARM.Collect$$libinit$$0000001F)
    __rt_lib_init_getenv_1                   0x08000213   Thumb Code     0  libinit2.o(.ARM.Collect$$libinit$$00000023)
    __rt_lib_init_heap_1                     0x08000213   Thumb Code     0  libinit2.o(.ARM.Collect$$libinit$$0000000A)
    __rt_lib_init_lc_collate_1               0x08000213   Thumb Code     0  libinit2.o(.ARM.Collect$$libinit$$00000011)
    __rt_lib_init_lc_ctype_1                 0x08000213   Thumb Code     0  libinit2.o(.ARM.Collect$$libinit$$00000013)
    __rt_lib_init_lc_monetary_1              0x08000213   Thumb Code     0  libinit2.o(.ARM.Collect$$libinit$$00000015)
    __rt_lib_init_lc_numeric_1               0x08000213   Thumb Code     0  libinit2.o(.ARM.Collect$$libinit$$00000017)
    __rt_lib_init_lc_time_1                  0x08000213   Thumb Code     0  libinit2.o(.ARM.Collect$$libinit$$00000019)
    __rt_lib_init_preinit_1                  0x08000213   Thumb Code     0  libinit2.o(.ARM.Collect$$libinit$$00000004)
    __rt_lib_init_rand_1                     0x08000213   Thumb Code     0  libinit2.o(.ARM.Collect$$libinit$$0000000E)
    __rt_lib_init_return                     0x08000213   Thumb Code     0  libinit2.o(.ARM.Collect$$libinit$$00000033)
    __rt_lib_init_signal_1                   0x08000213   Thumb Code     0  libinit2.o(.ARM.Collect$$libinit$$0000001D)
    __rt_lib_init_stdio_1                    0x08000213   Thumb Code     0  libinit2.o(.ARM.Collect$$libinit$$00000025)
    __rt_lib_init_user_alloc_1               0x08000213   Thumb Code     0  libinit2.o(.ARM.Collect$$libinit$$0000000C)
    __rt_lib_shutdown                        0x08000215   Thumb Code     0  libshutdown.o(.ARM.Collect$$libshutdown$$00000000)
    __rt_lib_shutdown_cpp_1                  0x08000217   Thumb Code     0  libshutdown2.o(.ARM.Collect$$libshutdown$$00000002)
    __rt_lib_shutdown_fp_trap_1              0x08000217   Thumb Code     0  libshutdown2.o(.ARM.Collect$$libshutdown$$00000007)
    __rt_lib_shutdown_heap_1                 0x08000217   Thumb Code     0  libshutdown2.o(.ARM.Collect$$libshutdown$$0000000F)
    __rt_lib_shutdown_return                 0x08000217   Thumb Code     0  libshutdown2.o(.ARM.Collect$$libshutdown$$00000010)
    __rt_lib_shutdown_signal_1               0x08000217   Thumb Code     0  libshutdown2.o(.ARM.Collect$$libshutdown$$0000000A)
    __rt_lib_shutdown_stdio_1                0x08000217   Thumb Code     0  libshutdown2.o(.ARM.Collect$$libshutdown$$00000004)
    __rt_lib_shutdown_user_alloc_1           0x08000217   Thumb Code     0  libshutdown2.o(.ARM.Collect$$libshutdown$$0000000C)
    __rt_entry                               0x08000219   Thumb Code     0  __rtentry.o(.ARM.Collect$$rtentry$$00000000)
    __rt_entry_presh_1                       0x08000219   Thumb Code     0  __rtentry2.o(.ARM.Collect$$rtentry$$00000002)
    __rt_entry_sh                            0x08000219   Thumb Code     0  __rtentry4.o(.ARM.Collect$$rtentry$$00000004)
    __rt_entry_li                            0x0800021f   Thumb Code     0  __rtentry2.o(.ARM.Collect$$rtentry$$0000000A)
    __rt_entry_postsh_1                      0x0800021f   Thumb Code     0  __rtentry2.o(.ARM.Collect$$rtentry$$00000009)
    __rt_entry_main                          0x08000223   Thumb Code     0  __rtentry2.o(.ARM.Collect$$rtentry$$0000000D)
    __rt_entry_postli_1                      0x08000223   Thumb Code     0  __rtentry2.o(.ARM.Collect$$rtentry$$0000000C)
    __rt_exit                                0x0800022b   Thumb Code     0  rtexit.o(.ARM.Collect$$rtexit$$00000000)
    __rt_exit_ls                             0x0800022d   Thumb Code     0  rtexit2.o(.ARM.Collect$$rtexit$$00000003)
    __rt_exit_prels_1                        0x0800022d   Thumb Code     0  rtexit2.o(.ARM.Collect$$rtexit$$00000002)
    __rt_exit_exit                           0x08000231   Thumb Code     0  rtexit2.o(.ARM.Collect$$rtexit$$00000004)
    Reset_Handler                            0x08000239   Thumb Code     8  startup_stm32f407xx.o(.text)
    NMI_Handler                              0x08000241   Thumb Code     2  startup_stm32f407xx.o(.text)
    HardFault_Handler                        0x08000243   Thumb Code     2  startup_stm32f407xx.o(.text)
    MemManage_Handler                        0x08000245   Thumb Code     2  startup_stm32f407xx.o(.text)
    BusFault_Handler                         0x08000247   Thumb Code     2  startup_stm32f407xx.o(.text)
    UsageFault_Handler                       0x08000249   Thumb Code     2  startup_stm32f407xx.o(.text)
    SVC_Handler                              0x0800024b   Thumb Code     2  startup_stm32f407xx.o(.text)
    DebugMon_Handler                         0x0800024d   Thumb Code     2  startup_stm32f407xx.o(.text)
    PendSV_Handler                           0x0800024f   Thumb Code     2  startup_stm32f407xx.o(.text)
    SysTick_Handler                          0x08000251   Thumb Code     2  startup_stm32f407xx.o(.text)
    ADC_IRQHandler                           0x08000253   Thumb Code     0  startup_stm32f407xx.o(.text)
    CAN1_RX0_IRQHandler                      0x08000253   Thumb Code     0  startup_stm32f407xx.o(.text)
    CAN1_RX1_IRQHandler                      0x08000253   Thumb Code     0  startup_stm32f407xx.o(.text)
    CAN1_SCE_IRQHandler                      0x08000253   Thumb Code     0  startup_stm32f407xx.o(.text)
    CAN1_TX_IRQHandler                       0x08000253   Thumb Code     0  startup_stm32f407xx.o(.text)
    CAN2_RX0_IRQHandler                      0x08000253   Thumb Code     0  startup_stm32f407xx.o(.text)
    CAN2_RX1_IRQHandler                      0x08000253   Thumb Code     0  startup_stm32f407xx.o(.text)
    CAN2_SCE_IRQHandler                      0x08000253   Thumb Code     0  startup_stm32f407xx.o(.text)
    CAN2_TX_IRQHandler                       0x08000253   Thumb Code     0  startup_stm32f407xx.o(.text)
    DCMI_IRQHandler                          0x08000253   Thumb Code     0  startup_stm32f407xx.o(.text)
    DMA1_Stream0_IRQHandler                  0x08000253   Thumb Code     0  startup_stm32f407xx.o(.text)
    DMA1_Stream1_IRQHandler                  0x08000253   Thumb Code     0  startup_stm32f407xx.o(.text)
    DMA1_Stream2_IRQHandler                  0x08000253   Thumb Code     0  startup_stm32f407xx.o(.text)
    DMA1_Stream3_IRQHandler                  0x08000253   Thumb Code     0  startup_stm32f407xx.o(.text)
    DMA1_Stream4_IRQHandler                  0x08000253   Thumb Code     0  startup_stm32f407xx.o(.text)
    DMA1_Stream5_IRQHandler                  0x08000253   Thumb Code     0  startup_stm32f407xx.o(.text)
    DMA1_Stream6_IRQHandler                  0x08000253   Thumb Code     0  startup_stm32f407xx.o(.text)
    DMA1_Stream7_IRQHandler                  0x08000253   Thumb Code     0  startup_stm32f407xx.o(.text)
    DMA2_Stream0_IRQHandler                  0x08000253   Thumb Code     0  startup_stm32f407xx.o(.text)
    DMA2_Stream1_IRQHandler                  0x08000253   Thumb Code     0  startup_stm32f407xx.o(.text)
    DMA2_Stream2_IRQHandler                  0x08000253   Thumb Code     0  startup_stm32f407xx.o(.text)
    DMA2_Stream3_IRQHandler                  0x08000253   Thumb Code     0  startup_stm32f407xx.o(.text)
    DMA2_Stream4_IRQHandler                  0x08000253   Thumb Code     0  startup_stm32f407xx.o(.text)
    DMA2_Stream5_IRQHandler                  0x08000253   Thumb Code     0  startup_stm32f407xx.o(.text)
    DMA2_Stream6_IRQHandler                  0x08000253   Thumb Code     0  startup_stm32f407xx.o(.text)
    DMA2_Stream7_IRQHandler                  0x08000253   Thumb Code     0  startup_stm32f407xx.o(.text)
    ETH_IRQHandler                           0x08000253   Thumb Code     0  startup_stm32f407xx.o(.text)
    ETH_WKUP_IRQHandler                      0x08000253   Thumb Code     0  startup_stm32f407xx.o(.text)
    EXTI0_IRQHandler                         0x08000253   Thumb Code     0  startup_stm32f407xx.o(.text)
    EXTI15_10_IRQHandler                     0x08000253   Thumb Code     0  startup_stm32f407xx.o(.text)
    EXTI1_IRQHandler                         0x08000253   Thumb Code     0  startup_stm32f407xx.o(.text)
    EXTI2_IRQHandler                         0x08000253   Thumb Code     0  startup_stm32f407xx.o(.text)
    EXTI3_IRQHandler                         0x08000253   Thumb Code     0  startup_stm32f407xx.o(.text)
    EXTI4_IRQHandler                         0x08000253   Thumb Code     0  startup_stm32f407xx.o(.text)
    EXTI9_5_IRQHandler                       0x08000253   Thumb Code     0  startup_stm32f407xx.o(.text)
    FLASH_IRQHandler                         0x08000253   Thumb Code     0  startup_stm32f407xx.o(.text)
    FMC_IRQHandler                           0x08000253   Thumb Code     0  startup_stm32f407xx.o(.text)
    FPU_IRQHandler                           0x08000253   Thumb Code     0  startup_stm32f407xx.o(.text)
    HASH_RNG_IRQHandler                      0x08000253   Thumb Code     0  startup_stm32f407xx.o(.text)
    I2C1_ER_IRQHandler                       0x08000253   Thumb Code     0  startup_stm32f407xx.o(.text)
    I2C1_EV_IRQHandler                       0x08000253   Thumb Code     0  startup_stm32f407xx.o(.text)
    I2C2_ER_IRQHandler                       0x08000253   Thumb Code     0  startup_stm32f407xx.o(.text)
    I2C2_EV_IRQHandler                       0x08000253   Thumb Code     0  startup_stm32f407xx.o(.text)
    I2C3_ER_IRQHandler                       0x08000253   Thumb Code     0  startup_stm32f407xx.o(.text)
    I2C3_EV_IRQHandler                       0x08000253   Thumb Code     0  startup_stm32f407xx.o(.text)
    OTG_FS_IRQHandler                        0x08000253   Thumb Code     0  startup_stm32f407xx.o(.text)
    OTG_FS_WKUP_IRQHandler                   0x08000253   Thumb Code     0  startup_stm32f407xx.o(.text)
    OTG_HS_EP1_IN_IRQHandler                 0x08000253   Thumb Code     0  startup_stm32f407xx.o(.text)
    OTG_HS_EP1_OUT_IRQHandler                0x08000253   Thumb Code     0  startup_stm32f407xx.o(.text)
    OTG_HS_IRQHandler                        0x08000253   Thumb Code     0  startup_stm32f407xx.o(.text)
    OTG_HS_WKUP_IRQHandler                   0x08000253   Thumb Code     0  startup_stm32f407xx.o(.text)
    PVD_IRQHandler                           0x08000253   Thumb Code     0  startup_stm32f407xx.o(.text)
    RCC_IRQHandler                           0x08000253   Thumb Code     0  startup_stm32f407xx.o(.text)
    RTC_Alarm_IRQHandler                     0x08000253   Thumb Code     0  startup_stm32f407xx.o(.text)
    RTC_WKUP_IRQHandler                      0x08000253   Thumb Code     0  startup_stm32f407xx.o(.text)
    SDIO_IRQHandler                          0x08000253   Thumb Code     0  startup_stm32f407xx.o(.text)
    SPI1_IRQHandler                          0x08000253   Thumb Code     0  startup_stm32f407xx.o(.text)
    SPI2_IRQHandler                          0x08000253   Thumb Code     0  startup_stm32f407xx.o(.text)
    SPI3_IRQHandler                          0x08000253   Thumb Code     0  startup_stm32f407xx.o(.text)
    TAMP_STAMP_IRQHandler                    0x08000253   Thumb Code     0  startup_stm32f407xx.o(.text)
    TIM1_BRK_TIM9_IRQHandler                 0x08000253   Thumb Code     0  startup_stm32f407xx.o(.text)
    TIM1_CC_IRQHandler                       0x08000253   Thumb Code     0  startup_stm32f407xx.o(.text)
    TIM1_TRG_COM_TIM11_IRQHandler            0x08000253   Thumb Code     0  startup_stm32f407xx.o(.text)
    TIM1_UP_TIM10_IRQHandler                 0x08000253   Thumb Code     0  startup_stm32f407xx.o(.text)
    TIM2_IRQHandler                          0x08000253   Thumb Code     0  startup_stm32f407xx.o(.text)
    TIM3_IRQHandler                          0x08000253   Thumb Code     0  startup_stm32f407xx.o(.text)
    TIM4_IRQHandler                          0x08000253   Thumb Code     0  startup_stm32f407xx.o(.text)
    TIM5_IRQHandler                          0x08000253   Thumb Code     0  startup_stm32f407xx.o(.text)
    TIM6_DAC_IRQHandler                      0x08000253   Thumb Code     0  startup_stm32f407xx.o(.text)
    TIM7_IRQHandler                          0x08000253   Thumb Code     0  startup_stm32f407xx.o(.text)
    TIM8_BRK_TIM12_IRQHandler                0x08000253   Thumb Code     0  startup_stm32f407xx.o(.text)
    TIM8_CC_IRQHandler                       0x08000253   Thumb Code     0  startup_stm32f407xx.o(.text)
    TIM8_TRG_COM_TIM14_IRQHandler            0x08000253   Thumb Code     0  startup_stm32f407xx.o(.text)
    TIM8_UP_TIM13_IRQHandler                 0x08000253   Thumb Code     0  startup_stm32f407xx.o(.text)
    UART4_IRQHandler                         0x08000253   Thumb Code     0  startup_stm32f407xx.o(.text)
    UART5_IRQHandler                         0x08000253   Thumb Code     0  startup_stm32f407xx.o(.text)
    USART1_IRQHandler                        0x08000253   Thumb Code     0  startup_stm32f407xx.o(.text)
    USART2_IRQHandler                        0x08000253   Thumb Code     0  startup_stm32f407xx.o(.text)
    USART3_IRQHandler                        0x08000253   Thumb Code     0  startup_stm32f407xx.o(.text)
    USART6_IRQHandler                        0x08000253   Thumb Code     0  startup_stm32f407xx.o(.text)
    WWDG_IRQHandler                          0x08000253   Thumb Code     0  startup_stm32f407xx.o(.text)
    __user_initial_stackheap                 0x08000255   Thumb Code     0  startup_stm32f407xx.o(.text)
    __2sprintf                               0x08000279   Thumb Code    34  noretval__2sprintf.o(.text)
    _printf_pre_padding                      0x080002a1   Thumb Code    44  _printf_pad.o(.text)
    _printf_post_padding                     0x080002cd   Thumb Code    34  _printf_pad.o(.text)
    _printf_int_dec                          0x080002f1   Thumb Code   104  _printf_dec.o(.text)
    _printf_int_hex                          0x08000369   Thumb Code    84  _printf_hex_int.o(.text)
    _printf_longlong_hex                     0x08000369   Thumb Code     0  _printf_hex_int.o(.text)
    __printf                                 0x080003c1   Thumb Code   308  __printf_flags_wp.o(.text)
    __use_two_region_memory                  0x080004f9   Thumb Code     2  heapauxi.o(.text)
    __rt_heap_escrow$2region                 0x080004fb   Thumb Code     2  heapauxi.o(.text)
    __rt_heap_expand$2region                 0x080004fd   Thumb Code     2  heapauxi.o(.text)
    _printf_int_common                       0x080004ff   Thumb Code   178  _printf_intcommon.o(.text)
    _printf_char_common                      0x080005bb   Thumb Code    32  _printf_char_common.o(.text)
    _sputc                                   0x080005e1   Thumb Code    10  _sputc.o(.text)
    __user_setup_stackheap                   0x080005eb   Thumb Code    74  sys_stackheap_outer.o(.text)
    exit                                     0x08000635   Thumb Code    18  exit.o(.text)
    __user_libspace                          0x08000649   Thumb Code     8  libspace.o(.text)
    __user_perproc_libspace                  0x08000649   Thumb Code     0  libspace.o(.text)
    __user_perthread_libspace                0x08000649   Thumb Code     0  libspace.o(.text)
    _sys_exit                                0x08000651   Thumb Code     8  sys_exit.o(.text)
    __I$use$semihosting                      0x0800065d   Thumb Code     0  use_no_semi.o(.text)
    __use_no_semihosting_swi                 0x0800065d   Thumb Code     2  use_no_semi.o(.text)
    __semihosting_library_function           0x0800065f   Thumb Code     0  indicate_semi.o(.text)
    Cal_GetXY                                0x08000661   Thumb Code   112  touch_module.o(.text.Cal_GetXY)
    Default_Calibration                      0x080006d1   Thumb Code    92  touch_module.o(.text.Default_Calibration)
    Delay_SPI                                0x0800072d   Thumb Code    34  driver_spi.o(.text.Delay_SPI)
    Driver_GPIO                              0x08000751   Thumb Code   240  driver_spi.o(.text.Driver_GPIO)
    Driver_SPICS                             0x08000841   Thumb Code    20  driver_spi.o(.text.Driver_SPICS)
    FSMC_NORSRAM_Extended_Timing_Init        0x08000855   Thumb Code    56  stm32f4xx_fsmc.o(.text.FSMC_NORSRAM_Extended_Timing_Init)
    FSMC_NORSRAM_Init                        0x0800088d   Thumb Code   116  stm32f4xx_fsmc.o(.text.FSMC_NORSRAM_Init)
    FSMC_NORSRAM_Timing_Init                 0x08000901   Thumb Code    60  stm32f4xx_fsmc.o(.text.FSMC_NORSRAM_Timing_Init)
    HAL_RCC_GetSysClockFreq                  0x08000a85   Thumb Code    80  hardwaresystem_ini.o(.text.HAL_RCC_GetSysClockFreq)
    LCD_Clear                                0x08000ad5   Thumb Code    48  stm324xg_lcd_ili9341.o(.text.LCD_Clear)
    LCD_DisplayDevID                         0x08000b05   Thumb Code    60  stm324xg_lcd_ili9341.o(.text.LCD_DisplayDevID)
    LCD_DisplayStringAt                      0x08000b41   Thumb Code   104  stm324xg_lcd_ili9341.o(.text.LCD_DisplayStringAt)
    LCD_DisplayStringLineCol                 0x08000ba9   Thumb Code    28  stm324xg_lcd_ili9341.o(.text.LCD_DisplayStringLineCol)
    LCD_DrawLine                             0x08000ca5   Thumb Code   212  stm324xg_lcd_ili9341.o(.text.LCD_DrawLine)
    LCD_DrawPixel                            0x08000d79   Thumb Code    20  stm324xg_lcd_ili9341.o(.text.LCD_DrawPixel)
    LCD_DrawRGBImage                         0x08000d8d   Thumb Code   104  stm324xg_lcd_ili9341.o(.text.LCD_DrawRGBImage)
    LCD_FSMCConfig                           0x08000df5   Thumb Code   164  stm324xg_lcd_ili9341.o(.text.LCD_FSMCConfig)
    LCD_FillRect                             0x08000e99   Thumb Code    64  stm324xg_lcd_ili9341.o(.text.LCD_FillRect)
    LCD_Init                                 0x08000ed9   Thumb Code   520  stm324xg_lcd_ili9341.o(.text.LCD_Init)
    LCD_OpenWin                              0x080010e1   Thumb Code    60  stm324xg_lcd_ili9341.o(.text.LCD_OpenWin)
    LCD_Pixel_Height                         0x0800111d   Thumb Code     4  stm324xg_lcd_ili9341.o(.text.LCD_Pixel_Height)
    LCD_Pixel_Width                          0x08001121   Thumb Code     6  stm324xg_lcd_ili9341.o(.text.LCD_Pixel_Width)
    LCD_Reset                                0x08001129   Thumb Code    36  stm324xg_lcd_ili9341.o(.text.LCD_Reset)
    LCD_SetFont                              0x0800114d   Thumb Code    28  stm324xg_lcd_ili9341.o(.text.LCD_SetFont)
    LCD_SetTextColor                         0x08001169   Thumb Code    24  stm324xg_lcd_ili9341.o(.text.LCD_SetTextColor)
    RNG_Get_RandomNum                        0x08001181   Thumb Code    16  rng.o(.text.RNG_Get_RandomNum)
    RNG_Get_RandomRange                      0x08001191   Thumb Code    52  rng.o(.text.RNG_Get_RandomRange)
    RNG_Init                                 0x080011c5   Thumb Code    80  rng.o(.text.RNG_Init)
    SystemInit                               0x08001215   Thumb Code    16  hardwaresystem_ini.o(.text.SystemInit)
    TSC_TouchDet                             0x08001225   Thumb Code   112  touch_module.o(.text.TSC_TouchDet)
    TS_GetState                              0x08001295   Thumb Code    68  touch_module.o(.text.TS_GetState)
    Touch_GetVal                             0x080012d9   Thumb Code    46  touch_module.o(.text.Touch_GetVal)
    Touch_SPIRead                            0x08001309   Thumb Code    64  driver_spi.o(.text.Touch_SPIRead)
    Touch_SPIWrite                           0x08001349   Thumb Code    96  driver_spi.o(.text.Touch_SPIWrite)
    WaitForTouchRelease                      0x080013a9   Thumb Code    36  touch_module.o(.text.WaitForTouchRelease)
    control_page                             0x080013cd   Thumb Code   132  game.o(.text.control_page)
    control_screen                           0x08001451   Thumb Code   164  game.o(.text.control_screen)
    delay_ms                                 0x080014f5   Thumb Code    36  stm324xg_lcd_ili9341.o(.text.delay_ms)
    draw_bite                                0x08001519   Thumb Code   144  game.o(.text.draw_bite)
    draw_boom                                0x080015a9   Thumb Code   222  game.o(.text.draw_boom)
    draw_border                              0x08001687   Thumb Code   104  game.o(.text.draw_border)
    draw_heal                                0x080016f1   Thumb Code   144  game.o(.text.draw_heal)
    draw_hit                                 0x08001781   Thumb Code    52  game.o(.text.draw_hit)
    draw_slash                               0x080017b5   Thumb Code    56  game.o(.text.draw_slash)
    draw_splatter                            0x080017ed   Thumb Code   222  game.o(.text.draw_splatter)
    game_init                                0x080018cd   Thumb Code   292  game.o(.text.game_init)
    game_over                                0x080019f1   Thumb Code   104  game.o(.text.game_over)
    hidden_draw                              0x08001a59   Thumb Code  2548  game.o(.text.hidden_draw)
    hidden_flow                              0x0800244d   Thumb Code  1568  game.o(.text.hidden_flow)
    judge_next_level                         0x08002a6d   Thumb Code   124  game.o(.text.judge_next_level)
    level_1_draw                             0x08002ae9   Thumb Code   560  game.o(.text.level_1_draw)
    level_1_flow                             0x08002d19   Thumb Code  2212  game.o(.text.level_1_flow)
    level_2_draw                             0x080035bd   Thumb Code   644  game.o(.text.level_2_draw)
    level_2_flow                             0x08003841   Thumb Code  2864  game.o(.text.level_2_flow)
    level_3_draw                             0x08004371   Thumb Code   876  game.o(.text.level_3_draw)
    level_3_flow                             0x080046dd   Thumb Code  2368  game.o(.text.level_3_flow)
    level_4_draw                             0x0800501d   Thumb Code  1100  game.o(.text.level_4_draw)
    level_4_flow                             0x08005469   Thumb Code  6112  game.o(.text.level_4_flow)
    level_5_draw                             0x08006c49   Thumb Code  1760  game.o(.text.level_5_draw)
    level_5_flow                             0x08007329   Thumb Code  6836  game.o(.text.level_5_flow)
    level_6_draw                             0x08008ddd   Thumb Code  1716  game.o(.text.level_6_draw)
    level_6_flow                             0x08009491   Thumb Code  5560  game.o(.text.level_6_flow)
    level_selector                           0x0800aa49   Thumb Code   200  game.o(.text.level_selector)
    level_selector_screen                    0x0800ab11   Thumb Code   420  game.o(.text.level_selector_screen)
    main                                     0x0800acb5   Thumb Code   564  main.o(.text.main)
    overview                                 0x0800af01   Thumb Code  2116  game.o(.text.overview)
    start_screen                             0x0800b745   Thumb Code   132  game.o(.text.start_screen)
    stm32f4_Hardware_Init                    0x0800b7c9   Thumb Code   208  hardwaresystem_ini.o(.text.stm32f4_Hardware_Init)
    _is_digit                                0x0800b899   Thumb Code    14  __printf_wp.o(i._is_digit)
    _fp_init                                 0x0800b8a7   Thumb Code    26  fpinit.o(x$fpl$fpinit)
    __fplib_config_fpu_vfp                   0x0800b8bf   Thumb Code     0  fpinit.o(x$fpl$fpinit)
    __fplib_config_pureend_doubles           0x0800b8bf   Thumb Code     0  fpinit.o(x$fpl$fpinit)
    Font12_Table                             0x0800b8f9   Data        1140  stm324xg_lcd_ili9341.o(.rodata.Font12_Table)
    Font16_Table                             0x0800bd6d   Data        3040  stm324xg_lcd_ili9341.o(.rodata.Font16_Table)
    Font20_Table                             0x0800c94d   Data        3800  stm324xg_lcd_ili9341.o(.rodata.Font20_Table)
    Font24_Table                             0x0800d825   Data        6840  stm324xg_lcd_ili9341.o(.rodata.Font24_Table)
    Region$$Table$$Base                      0x0800f7dc   Number         0  anon$$obj.o(Region$$Table)
    Region$$Table$$Limit                     0x0800f7fc   Number         0  anon$$obj.o(Region$$Table)
    Font20                                   0x20000008   Data           8  stm324xg_lcd_ili9341.o(.data..L_MergedGlobals)
    Font12                                   0x20000010   Data           8  stm324xg_lcd_ili9341.o(.data.Font12)
    Font16                                   0x20000018   Data           8  stm324xg_lcd_ili9341.o(.data.Font16)
    Font24                                   0x20000020   Data           8  stm324xg_lcd_ili9341.o(.data.Font24)
    all_page                                 0x20000028   Data           4  game.o(.data.all_page)
    pre_state                                0x2000002c   Data           1  main.o(.data.pre_state)
    __libspace_start                         0x20000030   Data          96  libspace.o(.bss)
    SYS_Freq                                 0x20000090   Data           4  hardwaresystem_ini.o(.bss..L_MergedGlobals)
    __temporary_stack_top$libspace           0x20000090   Data           0  libspace.o(.bss)
    HCLK_Freq                                0x20000094   Data           4  hardwaresystem_ini.o(.bss..L_MergedGlobals)
    PCLK1_Freq                               0x20000098   Data           4  hardwaresystem_ini.o(.bss..L_MergedGlobals)
    PCLK2_Freq                               0x2000009c   Data           4  hardwaresystem_ini.o(.bss..L_MergedGlobals)
    tag                                      0x200000a0   Data           1  game.o(.bss..L_MergedGlobals)
    portal_tag                               0x200000a1   Data           1  game.o(.bss..L_MergedGlobals)
    click_num                                0x200000a2   Data           1  game.o(.bss..L_MergedGlobals)
    time_stop                                0x200000a3   Data           1  game.o(.bss..L_MergedGlobals)
    random                                   0x200000a4   Data           1  game.o(.bss..L_MergedGlobals)
    tem_x                                    0x200000b6   Data           2  game.o(.bss..L_MergedGlobals)
    tem_y                                    0x200000b8   Data           2  game.o(.bss..L_MergedGlobals)
    touch_x                                  0x200000bc   Data           4  game.o(.bss..L_MergedGlobals)
    touch_y                                  0x200000c0   Data           4  game.o(.bss..L_MergedGlobals)
    portal_3                                 0x200000c4   Data           4  game.o(.bss..L_MergedGlobals)
    portal_4                                 0x200000c8   Data           4  game.o(.bss..L_MergedGlobals)
    portal_1                                 0x200000cc   Data           4  game.o(.bss..L_MergedGlobals)
    portal_2                                 0x200000d0   Data           4  game.o(.bss..L_MergedGlobals)
    portal_5                                 0x200000d4   Data           4  game.o(.bss..L_MergedGlobals)
    portal_6                                 0x200000d8   Data           4  game.o(.bss..L_MergedGlobals)
    portal_7                                 0x200000dc   Data           4  game.o(.bss..L_MergedGlobals)
    portal_8                                 0x200000e0   Data           4  game.o(.bss..L_MergedGlobals)
    portal_9                                 0x200000e4   Data           4  game.o(.bss..L_MergedGlobals)
    portal_10                                0x200000e8   Data           4  game.o(.bss..L_MergedGlobals)
    portal_11                                0x200000ec   Data           4  game.o(.bss..L_MergedGlobals)
    portal_12                                0x200000f0   Data           4  game.o(.bss..L_MergedGlobals)
    portal_13                                0x200000f4   Data           4  game.o(.bss..L_MergedGlobals)
    portal_14                                0x200000f8   Data           4  game.o(.bss..L_MergedGlobals)
    portal_15                                0x200000fc   Data           4  game.o(.bss..L_MergedGlobals)
    portal_16                                0x20000100   Data           4  game.o(.bss..L_MergedGlobals)
    portal_17                                0x20000104   Data           4  game.o(.bss..L_MergedGlobals)
    portal_18                                0x20000108   Data           4  game.o(.bss..L_MergedGlobals)
    portal_19                                0x2000010c   Data           4  game.o(.bss..L_MergedGlobals)
    portal_20                                0x20000110   Data           4  game.o(.bss..L_MergedGlobals)
    portal_21                                0x20000114   Data           4  game.o(.bss..L_MergedGlobals)
    portal_22                                0x20000118   Data           4  game.o(.bss..L_MergedGlobals)
    state                                    0x2000011c   Data           1  main.o(.bss..L_MergedGlobals)
    store_level                              0x2000011d   Data           1  main.o(.bss..L_MergedGlobals)
    page                                     0x20000120   Data           4  main.o(.bss..L_MergedGlobals)
    pre_page                                 0x20000124   Data           4  main.o(.bss..L_MergedGlobals)
    life                                     0x20000128   Data           4  main.o(.bss..L_MergedGlobals)
    X1                                       0x2000012c   Data           4  touch_module.o(.bss..L_MergedGlobals)
    Xx                                       0x20000130   Data           4  touch_module.o(.bss..L_MergedGlobals)
    Xy                                       0x20000134   Data           4  touch_module.o(.bss..L_MergedGlobals)
    Y1                                       0x20000138   Data           4  touch_module.o(.bss..L_MergedGlobals)
    Yy                                       0x2000013c   Data           4  touch_module.o(.bss..L_MergedGlobals)
    Yx                                       0x20000140   Data           4  touch_module.o(.bss..L_MergedGlobals)
    portal_23                                0x20000144   Data           4  game.o(.bss..L_MergedGlobals.58)
    portal_24                                0x20000148   Data           4  game.o(.bss..L_MergedGlobals.58)
    portal_25                                0x2000014c   Data           4  game.o(.bss..L_MergedGlobals.58)
    portal_26                                0x20000150   Data           4  game.o(.bss..L_MergedGlobals.58)
    portal_27                                0x20000154   Data           4  game.o(.bss..L_MergedGlobals.58)
    portal_28                                0x20000158   Data           4  game.o(.bss..L_MergedGlobals.58)
    portal_29                                0x2000015c   Data           4  game.o(.bss..L_MergedGlobals.58)
    portal_30                                0x20000160   Data           4  game.o(.bss..L_MergedGlobals.58)
    Touch                                    0x20000164   Data           6  game.o(.bss..L_MergedGlobals.58)
    S1                                       0x2000016a   Data          10  game.o(.bss..L_MergedGlobals.58)
    enemy1                                   0x20000174   Data          12  game.o(.bss..L_MergedGlobals.58)
    enemy2                                   0x20000180   Data          12  game.o(.bss..L_MergedGlobals.58)
    enemy3                                   0x2000018c   Data          12  game.o(.bss..L_MergedGlobals.58)
    enemy4                                   0x20000198   Data          12  game.o(.bss..L_MergedGlobals.58)
    enemy5                                   0x200001a4   Data          12  game.o(.bss..L_MergedGlobals.58)
    enemy6                                   0x200001b0   Data          12  game.o(.bss..L_MergedGlobals.58)
    enemy7                                   0x200001bc   Data          12  game.o(.bss..L_MergedGlobals.59)
    enemy8                                   0x200001c8   Data          12  game.o(.bss..L_MergedGlobals.59)
    enemy9                                   0x200001d4   Data          12  game.o(.bss..L_MergedGlobals.59)
    enemy10                                  0x200001e0   Data          12  game.o(.bss..L_MergedGlobals.59)
    player                                   0x200001ec   Data          32  game.o(.bss..L_MergedGlobals.59)
    lcd_id                                   0x2000020c   Data           2  stm324xg_lcd_ili9341.o(.bss..L_MergedGlobals.7)
    GRAM_mode                                0x2000020e   Data           2  stm324xg_lcd_ili9341.o(.bss..L_MergedGlobals.7)
    ltColor                                  0x20000216   Data           2  stm324xg_lcd_ili9341.o(.bss..L_MergedGlobals.7)
    lbColor                                  0x20000218   Data           2  stm324xg_lcd_ili9341.o(.bss..L_MergedGlobals.7)
    GPIO_reset                               0x20000220   Data           4  stm324xg_lcd_ili9341.o(.bss..L_MergedGlobals.7)
    GPIO_backlight                           0x20000224   Data           4  stm324xg_lcd_ili9341.o(.bss..L_MergedGlobals.7)
    lFont                                    0x20000228   Data           4  stm324xg_lcd_ili9341.o(.bss..L_MergedGlobals.7)
    occupy                                   0x20000230   Data         450  game.o(.bss.occupy)



==============================================================================

Memory Map of the image

  Image Entry point : 0x08000189

  Load Region LR_IROM1 (Base: 0x08000000, Size: 0x0000f830, Max: 0x00100000, ABSOLUTE)

    Execution Region ER_IROM1 (Exec base: 0x08000000, Load base: 0x08000000, Size: 0x0000f7fc, Max: 0x00100000, ABSOLUTE)

    Exec Addr    Load Addr    Size         Type   Attr      Idx    E Section Name        Object

    0x08000000   0x08000000   0x00000188   Data   RO          372    RESET               startup_stm32f407xx.o
    0x08000188   0x08000188   0x00000008   Code   RO          454  * !!!main             c_w.l(__main.o)
    0x08000190   0x08000190   0x00000034   Code   RO          626    !!!scatter          c_w.l(__scatter.o)
    0x080001c4   0x080001c4   0x0000001a   Code   RO          628    !!handler_copy      c_w.l(__scatter_copy.o)
    0x080001de   0x080001de   0x00000002   PAD
    0x080001e0   0x080001e0   0x0000001c   Code   RO          630    !!handler_zi        c_w.l(__scatter_zi.o)
    0x080001fc   0x080001fc   0x00000000   Code   RO          449    .ARM.Collect$$_printf_percent$$00000000  c_w.l(_printf_percent.o)
    0x080001fc   0x080001fc   0x00000006   Code   RO          448    .ARM.Collect$$_printf_percent$$00000009  c_w.l(_printf_d.o)
    0x08000202   0x08000202   0x00000006   Code   RO          447    .ARM.Collect$$_printf_percent$$0000000C  c_w.l(_printf_x.o)
    0x08000208   0x08000208   0x00000004   Code   RO          463    .ARM.Collect$$_printf_percent$$00000017  c_w.l(_printf_percent_end.o)
    0x0800020c   0x0800020c   0x00000002   Code   RO          490    .ARM.Collect$$libinit$$00000000  c_w.l(libinit.o)
    0x0800020e   0x0800020e   0x00000004   Code   RO          496    .ARM.Collect$$libinit$$00000001  c_w.l(libinit2.o)
    0x08000212   0x08000212   0x00000000   Code   RO          499    .ARM.Collect$$libinit$$00000004  c_w.l(libinit2.o)
    0x08000212   0x08000212   0x00000000   Code   RO          502    .ARM.Collect$$libinit$$0000000A  c_w.l(libinit2.o)
    0x08000212   0x08000212   0x00000000   Code   RO          504    .ARM.Collect$$libinit$$0000000C  c_w.l(libinit2.o)
    0x08000212   0x08000212   0x00000000   Code   RO          506    .ARM.Collect$$libinit$$0000000E  c_w.l(libinit2.o)
    0x08000212   0x08000212   0x00000000   Code   RO          509    .ARM.Collect$$libinit$$00000011  c_w.l(libinit2.o)
    0x08000212   0x08000212   0x00000000   Code   RO          511    .ARM.Collect$$libinit$$00000013  c_w.l(libinit2.o)
    0x08000212   0x08000212   0x00000000   Code   RO          513    .ARM.Collect$$libinit$$00000015  c_w.l(libinit2.o)
    0x08000212   0x08000212   0x00000000   Code   RO          515    .ARM.Collect$$libinit$$00000017  c_w.l(libinit2.o)
    0x08000212   0x08000212   0x00000000   Code   RO          517    .ARM.Collect$$libinit$$00000019  c_w.l(libinit2.o)
    0x08000212   0x08000212   0x00000000   Code   RO          519    .ARM.Collect$$libinit$$0000001B  c_w.l(libinit2.o)
    0x08000212   0x08000212   0x00000000   Code   RO          521    .ARM.Collect$$libinit$$0000001D  c_w.l(libinit2.o)
    0x08000212   0x08000212   0x00000000   Code   RO          523    .ARM.Collect$$libinit$$0000001F  c_w.l(libinit2.o)
    0x08000212   0x08000212   0x00000000   Code   RO          525    .ARM.Collect$$libinit$$00000021  c_w.l(libinit2.o)
    0x08000212   0x08000212   0x00000000   Code   RO          527    .ARM.Collect$$libinit$$00000023  c_w.l(libinit2.o)
    0x08000212   0x08000212   0x00000000   Code   RO          529    .ARM.Collect$$libinit$$00000025  c_w.l(libinit2.o)
    0x08000212   0x08000212   0x00000000   Code   RO          533    .ARM.Collect$$libinit$$0000002C  c_w.l(libinit2.o)
    0x08000212   0x08000212   0x00000000   Code   RO          535    .ARM.Collect$$libinit$$0000002E  c_w.l(libinit2.o)
    0x08000212   0x08000212   0x00000000   Code   RO          537    .ARM.Collect$$libinit$$00000030  c_w.l(libinit2.o)
    0x08000212   0x08000212   0x00000000   Code   RO          539    .ARM.Collect$$libinit$$00000032  c_w.l(libinit2.o)
    0x08000212   0x08000212   0x00000002   Code   RO          540    .ARM.Collect$$libinit$$00000033  c_w.l(libinit2.o)
    0x08000214   0x08000214   0x00000002   Code   RO          562    .ARM.Collect$$libshutdown$$00000000  c_w.l(libshutdown.o)
    0x08000216   0x08000216   0x00000000   Code   RO          577    .ARM.Collect$$libshutdown$$00000002  c_w.l(libshutdown2.o)
    0x08000216   0x08000216   0x00000000   Code   RO          579    .ARM.Collect$$libshutdown$$00000004  c_w.l(libshutdown2.o)
    0x08000216   0x08000216   0x00000000   Code   RO          582    .ARM.Collect$$libshutdown$$00000007  c_w.l(libshutdown2.o)
    0x08000216   0x08000216   0x00000000   Code   RO          585    .ARM.Collect$$libshutdown$$0000000A  c_w.l(libshutdown2.o)
    0x08000216   0x08000216   0x00000000   Code   RO          587    .ARM.Collect$$libshutdown$$0000000C  c_w.l(libshutdown2.o)
    0x08000216   0x08000216   0x00000000   Code   RO          590    .ARM.Collect$$libshutdown$$0000000F  c_w.l(libshutdown2.o)
    0x08000216   0x08000216   0x00000002   Code   RO          591    .ARM.Collect$$libshutdown$$00000010  c_w.l(libshutdown2.o)
    0x08000218   0x08000218   0x00000000   Code   RO          456    .ARM.Collect$$rtentry$$00000000  c_w.l(__rtentry.o)
    0x08000218   0x08000218   0x00000000   Code   RO          465    .ARM.Collect$$rtentry$$00000002  c_w.l(__rtentry2.o)
    0x08000218   0x08000218   0x00000006   Code   RO          477    .ARM.Collect$$rtentry$$00000004  c_w.l(__rtentry4.o)
    0x0800021e   0x0800021e   0x00000000   Code   RO          467    .ARM.Collect$$rtentry$$00000009  c_w.l(__rtentry2.o)
    0x0800021e   0x0800021e   0x00000004   Code   RO          468    .ARM.Collect$$rtentry$$0000000A  c_w.l(__rtentry2.o)
    0x08000222   0x08000222   0x00000000   Code   RO          470    .ARM.Collect$$rtentry$$0000000C  c_w.l(__rtentry2.o)
    0x08000222   0x08000222   0x00000008   Code   RO          471    .ARM.Collect$$rtentry$$0000000D  c_w.l(__rtentry2.o)
    0x0800022a   0x0800022a   0x00000002   Code   RO          494    .ARM.Collect$$rtexit$$00000000  c_w.l(rtexit.o)
    0x0800022c   0x0800022c   0x00000000   Code   RO          542    .ARM.Collect$$rtexit$$00000002  c_w.l(rtexit2.o)
    0x0800022c   0x0800022c   0x00000004   Code   RO          543    .ARM.Collect$$rtexit$$00000003  c_w.l(rtexit2.o)
    0x08000230   0x08000230   0x00000006   Code   RO          544    .ARM.Collect$$rtexit$$00000004  c_w.l(rtexit2.o)
    0x08000236   0x08000236   0x00000002   PAD
    0x08000238   0x08000238   0x00000040   Code   RO          373    .text               startup_stm32f407xx.o
    0x08000278   0x08000278   0x00000028   Code   RO          398    .text               c_w.l(noretval__2sprintf.o)
    0x080002a0   0x080002a0   0x0000004e   Code   RO          402    .text               c_w.l(_printf_pad.o)
    0x080002ee   0x080002ee   0x00000002   PAD
    0x080002f0   0x080002f0   0x00000078   Code   RO          404    .text               c_w.l(_printf_dec.o)
    0x08000368   0x08000368   0x00000058   Code   RO          409    .text               c_w.l(_printf_hex_int.o)
    0x080003c0   0x080003c0   0x00000138   Code   RO          439    .text               c_w.l(__printf_flags_wp.o)
    0x080004f8   0x080004f8   0x00000006   Code   RO          452    .text               c_w.l(heapauxi.o)
    0x080004fe   0x080004fe   0x000000b2   Code   RO          457    .text               c_w.l(_printf_intcommon.o)
    0x080005b0   0x080005b0   0x00000030   Code   RO          459    .text               c_w.l(_printf_char_common.o)
    0x080005e0   0x080005e0   0x0000000a   Code   RO          461    .text               c_w.l(_sputc.o)
    0x080005ea   0x080005ea   0x0000004a   Code   RO          481    .text               c_w.l(sys_stackheap_outer.o)
    0x08000634   0x08000634   0x00000012   Code   RO          483    .text               c_w.l(exit.o)
    0x08000646   0x08000646   0x00000002   PAD
    0x08000648   0x08000648   0x00000008   Code   RO          491    .text               c_w.l(libspace.o)
    0x08000650   0x08000650   0x0000000c   Code   RO          552    .text               c_w.l(sys_exit.o)
    0x0800065c   0x0800065c   0x00000002   Code   RO          567    .text               c_w.l(use_no_semi.o)
    0x0800065e   0x0800065e   0x00000000   Code   RO          569    .text               c_w.l(indicate_semi.o)
    0x0800065e   0x0800065e   0x00000002   PAD
    0x08000660   0x08000660   0x00000070   Code   RO          159    .text.Cal_GetXY     touch_module.o
    0x080006d0   0x080006d0   0x0000005c   Code   RO          167    .text.Default_Calibration  touch_module.o
    0x0800072c   0x0800072c   0x00000022   Code   RO           31    .text.Delay_SPI     driver_spi.o
    0x0800074e   0x0800074e   0x00000002   PAD
    0x08000750   0x08000750   0x000000f0   Code   RO           21    .text.Driver_GPIO   driver_spi.o
    0x08000840   0x08000840   0x00000014   Code   RO           23    .text.Driver_SPICS  driver_spi.o
    0x08000854   0x08000854   0x00000038   Code   RO          202    .text.FSMC_NORSRAM_Extended_Timing_Init  stm32f4xx_fsmc.o
    0x0800088c   0x0800088c   0x00000074   Code   RO          196    .text.FSMC_NORSRAM_Init  stm32f4xx_fsmc.o
    0x08000900   0x08000900   0x0000003c   Code   RO          200    .text.FSMC_NORSRAM_Timing_Init  stm32f4xx_fsmc.o
    0x0800093c   0x0800093c   0x000000e4   Code   RO          260    .text.GPIO_AF12PPhigh  stm324xg_lcd_ili9341.o
    0x08000a20   0x08000a20   0x00000064   Code   RO          258    .text.GPIO_outPPhigh  stm324xg_lcd_ili9341.o
    0x08000a84   0x08000a84   0x00000050   Code   RO            6    .text.HAL_RCC_GetSysClockFreq  hardwaresystem_ini.o
    0x08000ad4   0x08000ad4   0x00000030   Code   RO          266    .text.LCD_Clear     stm324xg_lcd_ili9341.o
    0x08000b04   0x08000b04   0x0000003c   Code   RO          250    .text.LCD_DisplayDevID  stm324xg_lcd_ili9341.o
    0x08000b40   0x08000b40   0x00000068   Code   RO          290    .text.LCD_DisplayStringAt  stm324xg_lcd_ili9341.o
    0x08000ba8   0x08000ba8   0x0000001c   Code   RO          252    .text.LCD_DisplayStringLineCol  stm324xg_lcd_ili9341.o
    0x08000bc4   0x08000bc4   0x000000e0   Code   RO          292    .text.LCD_DisplayStringSegment  stm324xg_lcd_ili9341.o
    0x08000ca4   0x08000ca4   0x000000d4   Code   RO          310    .text.LCD_DrawLine  stm324xg_lcd_ili9341.o
    0x08000d78   0x08000d78   0x00000014   Code   RO          294    .text.LCD_DrawPixel  stm324xg_lcd_ili9341.o
    0x08000d8c   0x08000d8c   0x00000068   Code   RO          316    .text.LCD_DrawRGBImage  stm324xg_lcd_ili9341.o
    0x08000df4   0x08000df4   0x000000a4   Code   RO          246    .text.LCD_FSMCConfig  stm324xg_lcd_ili9341.o
    0x08000e98   0x08000e98   0x00000040   Code   RO          306    .text.LCD_FillRect  stm324xg_lcd_ili9341.o
    0x08000ed8   0x08000ed8   0x00000208   Code   RO          256    .text.LCD_Init      stm324xg_lcd_ili9341.o
    0x080010e0   0x080010e0   0x0000003c   Code   RO          270    .text.LCD_OpenWin   stm324xg_lcd_ili9341.o
    0x0800111c   0x0800111c   0x00000004   Code   RO          244    .text.LCD_Pixel_Height  stm324xg_lcd_ili9341.o
    0x08001120   0x08001120   0x00000006   Code   RO          242    .text.LCD_Pixel_Width  stm324xg_lcd_ili9341.o
    0x08001126   0x08001126   0x00000002   PAD
    0x08001128   0x08001128   0x00000024   Code   RO          254    .text.LCD_Reset     stm324xg_lcd_ili9341.o
    0x0800114c   0x0800114c   0x0000001c   Code   RO          262    .text.LCD_SetFont   stm324xg_lcd_ili9341.o
    0x08001168   0x08001168   0x00000018   Code   RO          282    .text.LCD_SetTextColor  stm324xg_lcd_ili9341.o
    0x08001180   0x08001180   0x00000010   Code   RO          181    .text.RNG_Get_RandomNum  rng.o
    0x08001190   0x08001190   0x00000034   Code   RO          183    .text.RNG_Get_RandomRange  rng.o
    0x080011c4   0x080011c4   0x00000050   Code   RO          179    .text.RNG_Init      rng.o
    0x08001214   0x08001214   0x00000010   Code   RO            2    .text.SystemInit    hardwaresystem_ini.o
    0x08001224   0x08001224   0x00000070   Code   RO          155    .text.TSC_TouchDet  touch_module.o
    0x08001294   0x08001294   0x00000044   Code   RO          157    .text.TS_GetState   touch_module.o
    0x080012d8   0x080012d8   0x0000002e   Code   RO          153    .text.Touch_GetVal  touch_module.o
    0x08001306   0x08001306   0x00000002   PAD
    0x08001308   0x08001308   0x00000040   Code   RO           33    .text.Touch_SPIRead  driver_spi.o
    0x08001348   0x08001348   0x00000060   Code   RO           35    .text.Touch_SPIWrite  driver_spi.o
    0x080013a8   0x080013a8   0x00000024   Code   RO          165    .text.WaitForTouchRelease  touch_module.o
    0x080013cc   0x080013cc   0x00000084   Code   RO           65    .text.control_page  game.o
    0x08001450   0x08001450   0x000000a4   Code   RO           61    .text.control_screen  game.o
    0x080014f4   0x080014f4   0x00000024   Code   RO          248    .text.delay_ms      stm324xg_lcd_ili9341.o
    0x08001518   0x08001518   0x00000090   Code   RO           47    .text.draw_bite     game.o
    0x080015a8   0x080015a8   0x000000de   Code   RO           57    .text.draw_boom     game.o
    0x08001686   0x08001686   0x00000068   Code   RO           53    .text.draw_border   game.o
    0x080016ee   0x080016ee   0x00000002   PAD
    0x080016f0   0x080016f0   0x00000090   Code   RO           55    .text.draw_heal     game.o
    0x08001780   0x08001780   0x00000034   Code   RO           45    .text.draw_hit      game.o
    0x080017b4   0x080017b4   0x00000038   Code   RO           49    .text.draw_slash    game.o
    0x080017ec   0x080017ec   0x000000de   Code   RO           51    .text.draw_splatter  game.o
    0x080018ca   0x080018ca   0x00000002   PAD
    0x080018cc   0x080018cc   0x00000124   Code   RO           67    .text.game_init     game.o
    0x080019f0   0x080019f0   0x00000068   Code   RO           97    .text.game_over     game.o
    0x08001a58   0x08001a58   0x000009f4   Code   RO           93    .text.hidden_draw   game.o
    0x0800244c   0x0800244c   0x00000620   Code   RO           95    .text.hidden_flow   game.o
    0x08002a6c   0x08002a6c   0x0000007c   Code   RO           99    .text.judge_next_level  game.o
    0x08002ae8   0x08002ae8   0x00000230   Code   RO           69    .text.level_1_draw  game.o
    0x08002d18   0x08002d18   0x000008a4   Code   RO           71    .text.level_1_flow  game.o
    0x080035bc   0x080035bc   0x00000284   Code   RO           73    .text.level_2_draw  game.o
    0x08003840   0x08003840   0x00000b30   Code   RO           75    .text.level_2_flow  game.o
    0x08004370   0x08004370   0x0000036c   Code   RO           77    .text.level_3_draw  game.o
    0x080046dc   0x080046dc   0x00000940   Code   RO           79    .text.level_3_flow  game.o
    0x0800501c   0x0800501c   0x0000044c   Code   RO           81    .text.level_4_draw  game.o
    0x08005468   0x08005468   0x000017e0   Code   RO           83    .text.level_4_flow  game.o
    0x08006c48   0x08006c48   0x000006e0   Code   RO           85    .text.level_5_draw  game.o
    0x08007328   0x08007328   0x00001ab4   Code   RO           87    .text.level_5_flow  game.o
    0x08008ddc   0x08008ddc   0x000006b4   Code   RO           89    .text.level_6_draw  game.o
    0x08009490   0x08009490   0x000015b8   Code   RO           91    .text.level_6_flow  game.o
    0x0800aa48   0x0800aa48   0x000000c8   Code   RO          103    .text.level_selector  game.o
    0x0800ab10   0x0800ab10   0x000001a4   Code   RO          101    .text.level_selector_screen  game.o
    0x0800acb4   0x0800acb4   0x00000234   Code   RO          124    .text.main          main.o
    0x0800aee8   0x0800aee8   0x00000018   Code   RO           10    .text.my_getPCLKx_Freq  hardwaresystem_ini.o
    0x0800af00   0x0800af00   0x00000844   Code   RO           63    .text.overview      game.o
    0x0800b744   0x0800b744   0x00000084   Code   RO           59    .text.start_screen  game.o
    0x0800b7c8   0x0800b7c8   0x000000d0   Code   RO            8    .text.stm32f4_Hardware_Init  hardwaresystem_ini.o
    0x0800b898   0x0800b898   0x0000000e   Code   RO          437    i._is_digit         c_w.l(__printf_wp.o)
    0x0800b8a6   0x0800b8a6   0x0000001a   Code   RO          550    x$fpl$fpinit        fz_wm.l(fpinit.o)
    0x0800b8c0   0x0800b8c0   0x00000028   Data   RO          410    .constdata          c_w.l(_printf_hex_int.o)
    0x0800b8e8   0x0800b8e8   0x00000011   Data   RO          440    .constdata          c_w.l(__printf_flags_wp.o)
    0x0800b8f9   0x0800b8f9   0x00000474   Data   RO          352    .rodata.Font12_Table  stm324xg_lcd_ili9341.o
    0x0800bd6d   0x0800bd6d   0x00000be0   Data   RO          354    .rodata.Font16_Table  stm324xg_lcd_ili9341.o
    0x0800c94d   0x0800c94d   0x00000ed8   Data   RO          356    .rodata.Font20_Table  stm324xg_lcd_ili9341.o
    0x0800d825   0x0800d825   0x00001ab8   Data   RO          357    .rodata.Font24_Table  stm324xg_lcd_ili9341.o
    0x0800f2dd   0x0800f2dd   0x00000005   Data   RO          107    .rodata.draw_bite.vx_down  game.o
    0x0800f2e2   0x0800f2e2   0x00000007   Data   RO          105    .rodata.draw_bite.vx_up  game.o
    0x0800f2e9   0x0800f2e9   0x00000005   Data   RO          108    .rodata.draw_bite.vy_down  game.o
    0x0800f2ee   0x0800f2ee   0x00000007   Data   RO          106    .rodata.draw_bite.vy_up  game.o
    0x0800f2f5   0x0800f2f5   0x000004e6   Data   RO          111    .rodata.str1.1      game.o
    0x0800f7db   0x0800f7db   0x00000001   PAD
    0x0800f7dc   0x0800f7dc   0x00000020   Data   RO          625    Region$$Table       anon$$obj.o


    Execution Region RW_IRAM1 (Exec base: 0x20000000, Load base: 0x0800f800, Size: 0x000009f8, Max: 0x00020000, ABSOLUTE)

    Exec Addr    Load Addr    Size         Type   Attr      Idx    E Section Name        Object

    0x20000000   0x0800f800   0x00000010   Data   RW          361    .data..L_MergedGlobals  stm324xg_lcd_ili9341.o
    0x20000010   0x0800f810   0x00000008   Data   RW          353    .data.Font12        stm324xg_lcd_ili9341.o
    0x20000018   0x0800f818   0x00000008   Data   RW          355    .data.Font16        stm324xg_lcd_ili9341.o
    0x20000020   0x0800f820   0x00000008   Data   RW          358    .data.Font24        stm324xg_lcd_ili9341.o
    0x20000028   0x0800f828   0x00000004   Data   RW          109    .data.all_page      game.o
    0x2000002c   0x0800f82c   0x00000001   Data   RW          127    .data.pre_state     main.o
    0x2000002d   0x0800f82d   0x00000003   PAD
    0x20000030        -       0x00000060   Zero   RW          492    .bss                c_w.l(libspace.o)
    0x20000090        -       0x00000010   Zero   RW           12    .bss..L_MergedGlobals  hardwaresystem_ini.o
    0x200000a0        -       0x0000007c   Zero   RW          113    .bss..L_MergedGlobals  game.o
    0x2000011c        -       0x00000010   Zero   RW          129    .bss..L_MergedGlobals  main.o
    0x2000012c        -       0x00000018   Zero   RW          170    .bss..L_MergedGlobals  touch_module.o
    0x20000144        -       0x00000078   Zero   RW          114    .bss..L_MergedGlobals.58  game.o
    0x200001bc        -       0x00000050   Zero   RW          115    .bss..L_MergedGlobals.59  game.o
    0x2000020c        -       0x00000020   Zero   RW          362    .bss..L_MergedGlobals.7  stm324xg_lcd_ili9341.o
    0x2000022c        -       0x00000004   Zero   RW          187    .bss.RNG_Get_RandomRange.last_value  rng.o
    0x20000230        -       0x000001c2   Zero   RW          112    .bss.occupy         game.o
    0x200003f2   0x0800f82d   0x00000006   PAD
    0x200003f8        -       0x00000200   Zero   RW          371    HEAP                startup_stm32f407xx.o
    0x200005f8        -       0x00000400   Zero   RW          370    STACK               startup_stm32f407xx.o


==============================================================================

Image component sizes


      Code (inc. data)   RO Data    RW Data    ZI Data      Debug   Object Name

       454         20          0          0          0       3720   driver_spi.o
     41352       1304       1278          4        774      40875   game.o
       328         80          0          0         16       3735   hardwaresystem_ini.o
       564         78          0          1         16       1148   main.o
       148         16          0          0          4       2400   rng.o
        64         26        392          0       1536        868   startup_stm32f407xx.o
      2070         72      14820         40         32      26927   stm324xg_lcd_ili9341.o
       232         12          0          0          0       8119   stm32f4xx_fsmc.o
       466         20          0          0         24       4753   touch_module.o

    ----------------------------------------------------------------------
     45688       1628      16523         48       2408      92545   Object Totals
         0          0         32          0          0          0   (incl. Generated)
        10          0          1          3          6          0   (incl. Padding)

    ----------------------------------------------------------------------

      Code (inc. data)   RO Data    RW Data    ZI Data      Debug   Library Member Name

         8          0          0          0          0         68   __main.o
       312          4         17          0          0         92   __printf_flags_wp.o
        14          0          0          0          0         68   __printf_wp.o
         0          0          0          0          0          0   __rtentry.o
        12          0          0          0          0          0   __rtentry2.o
         6          0          0          0          0          0   __rtentry4.o
        52          8          0          0          0          0   __scatter.o
        26          0          0          0          0          0   __scatter_copy.o
        28          0          0          0          0          0   __scatter_zi.o
        48          6          0          0          0         96   _printf_char_common.o
         6          0          0          0          0          0   _printf_d.o
       120         16          0          0          0         92   _printf_dec.o
        88          4         40          0          0         88   _printf_hex_int.o
       178          0          0          0          0         88   _printf_intcommon.o
        78          0          0          0          0        108   _printf_pad.o
         0          0          0          0          0          0   _printf_percent.o
         4          0          0          0          0          0   _printf_percent_end.o
         6          0          0          0          0          0   _printf_x.o
        10          0          0          0          0         68   _sputc.o
        18          0          0          0          0         80   exit.o
         6          0          0          0          0        152   heapauxi.o
         0          0          0          0          0          0   indicate_semi.o
         2          0          0          0          0          0   libinit.o
         6          0          0          0          0          0   libinit2.o
         2          0          0          0          0          0   libshutdown.o
         2          0          0          0          0          0   libshutdown2.o
         8          4          0          0         96         68   libspace.o
        40          6          0          0          0         84   noretval__2sprintf.o
         2          0          0          0          0          0   rtexit.o
        10          0          0          0          0          0   rtexit2.o
        12          4          0          0          0         68   sys_exit.o
        74          0          0          0          0         80   sys_stackheap_outer.o
         2          0          0          0          0         68   use_no_semi.o
        26          0          0          0          0        116   fpinit.o

    ----------------------------------------------------------------------
      1216         52         57          0         96       1484   Library Totals
        10          0          0          0          0          0   (incl. Padding)

    ----------------------------------------------------------------------

      Code (inc. data)   RO Data    RW Data    ZI Data      Debug   Library Name

      1180         52         57          0         96       1368   c_w.l
        26          0          0          0          0        116   fz_wm.l

    ----------------------------------------------------------------------
      1216         52         57          0         96       1484   Library Totals

    ----------------------------------------------------------------------

==============================================================================


      Code (inc. data)   RO Data    RW Data    ZI Data      Debug   

     46904       1680      16580         48       2504      93293   Grand Totals
     46904       1680      16580         48       2504      93293   ELF Image Totals
     46904       1680      16580         48          0          0   ROM Totals

==============================================================================

    Total RO  Size (Code + RO Data)                63484 (  62.00kB)
    Total RW  Size (RW Data + ZI Data)              2552 (   2.49kB)
    Total ROM Size (Code + RO Data + RW Data)      63532 (  62.04kB)

==============================================================================

